# experiment: E3
# session: inf03_20261003_164531
# commit: cff9bf680c1a5bd7db6d82c596e6440fbc58d0f6
# describe: untagged
# dirty: 36
# build_generated_changed: 27
# node: inf03
# cpu: Intel(R) Xeon(R) Platinum 8358 CPU @ 2.60GHz
# governor: performance
# loadavg: 0.92 0.98 0.86
# gpu: NVIDIA A100-PCIE-40GB
# driver: 595.71.05
# cuda: 12.8
# persistence: Enabled
# sm_clock_mhz: 765 / 1410
# clock_reasons: 0x0000000000000000
# gpu_mem_used_mib: 0
# gpu_processes: none
# arm: t1_cpu_n500
# rep: 1
# command: timeout 1800 ./genesis/src/nxgenesis_nocl -nosimrc -notty -batch genesis/Scripts/benchmark/hh_spiking_benchmark.g 500 5000
Starting Genesis
Executable:         /storage2/home/kchlasta/campaign-dry-inf03/./genesis/src/nxgenesis_nocl
The diskio library uses the netcdf-version 3.4 library, which is provided
"as is" under the terms of distribution and usage by UCAR/Unidata.
Please see src/diskio/interface/netcdf/netcdf-3.4/copyright.html
for the full notice.

The kinetics library is copylefted under the LGPL, see kinetics/COPYRIGHT.

Simulation Script:  genesis/Scripts/benchmark/hh_spiking_benchmark.g
=== HH Spiking Benchmark (single hsolve, driven neurons) ===
Neurons:    500
Steps:      5000
dt:         5e-05  s
inject:     1e-09  A
record:     0

/library
/
Building driven HH cells...
changing clock [0] from 1 to 5e-05
Configuring single hsolve (chanmode=4, N= 500  neurons)...
ncompts:  500
nchips:   5500
time = 0.000000 ; step = 0          
time = 0.000500 ; step = 10          
completed 10 steps in 0.000106 cpu seconds
user time used		= 0 sec  21021 usec
system time used	= 0 sec  1001 usec
time = 0.250500 ; step = 5010          
completed 5000 steps in 0.052879 cpu seconds
user time used		= 0 sec  73949 usec
system time used	= 0 sec  1002 usec

=== Results ===
Neurons:               500
Steps:                 5000
CPU-timer step time:   0  s
VMFINAL 0  -0.06865174592
