commit 0fe5c6fe04030609d8421694d8fb8824a7d06f8d (v2.6.0-rc2-18-g0fe5c6f) on inf02
built pgenesis/bin/Linux/nxpgenesis
8c05533faec12f53d7b06af94b21f0f6a1221d6e30d4bf4e1fbe9313d2e740d9  nxgenesis
306cd02d4f90e36b32264cdd03efbff23f1d8571f45013abcaa63472b7a4f30b  nxgenesis_nocl
7f30190994827db5e088e68a483a2f72c95221ffda2eab429c3046e7f30247f5  nxgenesis_ocl
native code: sm_86
ready
BUILD_OK
node inf02  gpu NVIDIA A40, 0 MiB  started 2026-10-08T19:19:11+02:00
base ce21b63  head 0fe5c6f
cuda base golden recorded (rc 0)
cuda fp32 vs base: rc 0  PASS: 14 values unchanged on NVIDIA A40
cuda fp64 vs CPU:  rc 0  PASS: 5 values within 1e-10 V of the CPU solver (fp64 kernels)
cuda fp32 graphs on:   rc 0  PASS: 14 values unchanged on NVIDIA A40
cuda fp64 graphs on:   rc 0  PASS: 5 values within 1e-10 V of the CPU solver (fp64 kernels)
graph probe: rc 0  written: /storage2/home/kchlasta/campaign-dry-inf02/cluster_bringup/logs/cuda_graph_probe_inf02_20261008_192644.csv
opencl base golden recorded (rc 0)
opencl fp32 vs base: rc 0  PASS: 14 values unchanged on NVIDIA A40
opencl fp64 vs CPU:  rc 0  PASS: 5 values within 1e-10 V of the CPU solver (fp64 kernels)
CUDA build restored
finished 2026-10-08T19:42:32+02:00
GATE_EXIT 0
