commit 0fe5c6fe04030609d8421694d8fb8824a7d06f8d (v2.6.0-rc2-18-g0fe5c6f) on inf03
built pgenesis/bin/Linux/nxpgenesis
d1a0bebc88b4390c345e133977eb553cda6fb20ffcaab68bf2347f84b036c9c7  nxgenesis
c38e12252b8925a39d6fa8505aa612d95a924c9ba5f1c3f561390b174f6d49eb  nxgenesis_nocl
aab5e7ab2a102307a2445f060580ddb021d3330fc12a5b389b39a06a9d6c95f1  nxgenesis_ocl
native code: sm_80
ready
BUILD_OK
node inf03  gpu NVIDIA A100-PCIE-40GB, 0 MiB  started 2026-10-08T19:19:59+02:00
base ce21b63  head 0fe5c6f
cuda base golden recorded (rc 0)
cuda fp32 vs base: rc 0  PASS: 14 values unchanged on NVIDIA A100-PCIE-40GB
cuda fp64 vs CPU:  rc 0  PASS: 5 values within 1e-10 V of the CPU solver (fp64 kernels)
cuda fp32 graphs on:   rc 0  PASS: 14 values unchanged on NVIDIA A100-PCIE-40GB
cuda fp64 graphs on:   rc 0  PASS: 5 values within 1e-10 V of the CPU solver (fp64 kernels)
graph probe: rc 0  written: /storage2/home/kchlasta/campaign-dry-inf03/cluster_bringup/logs/cuda_graph_probe_inf03_20261008_192743.csv
opencl base golden recorded (rc 0)
opencl fp32 vs base: rc 0  PASS: 14 values unchanged on NVIDIA A100-PCIE-40GB
opencl fp64 vs CPU:  rc 0  PASS: 5 values within 1e-10 V of the CPU solver (fp64 kernels)
CUDA build restored
finished 2026-10-08T19:43:34+02:00
GATE_EXIT 0
