 
 Duke, Yale, and the BlueBrain Project -- Copyright 1984-2020
 Version : 9.0.2 ba57833 (2026-08-10 08:51:04 -0400)
 
 Additional mechanisms from files
 exp2syn.mod expsyn.mod hh.mod khh.mod nahh.mod netstim.mod passive.mod pattern.mod stim.mod svclmp.mod

 Info : 1 GPUs shared by 1 ranks per node
 Memory (MBs) :             After mk_mech : Max 113.6328, Min 113.6328, Avg 113.6328 
 GPU Memory (MiBs) : Used = 426.625000, Free = 40200.187500, Total = 40626.812500
 Memory (MBs) :            After MPI_Init : Max 113.6328, Min 113.6328, Avg 113.6328 
 GPU Memory (MiBs) : Used = 426.625000, Free = 40200.187500, Total = 40626.812500
 Memory (MBs) :          Before nrn_setup : Max 113.6328, Min 113.6328, Avg 113.6328 
 GPU Memory (MiBs) : Used = 426.625000, Free = 40200.187500, Total = 40626.812500
 WARNING : GPU execution requires --cell-permute type 1 or 2. Setting it to 1.
 Setup Done   : 0.08 seconds 
 Model size   : 20.51 MB
 Memory (MBs) :          After nrn_setup  : Max 140.4844, Min 140.4844, Avg 140.4844 
 GPU Memory (MiBs) : Used = 426.625000, Free = 40200.187500, Total = 40626.812500
GENERAL PARAMETERS
--mpi=false
--mpi-lib=
--gpu=true
--dt=0.05
--tstop=5000

GPU
--nwarp=65536
--cell-permute=0
--cuda-interface=false

INPUT PARAMETERS
--voltage=-65
--seed=-1
--datpath=/storage2/home/kchlasta/cobahh_coredat
--filesdat=/storage2/home/kchlasta/cobahh_coredat/files.dat
--pattern=
--report-conf=
--restore=     

PARALLEL COMPUTATION PARAMETERS
--threading=false
--skip_mpi_finalize=false

SPIKE EXCHANGE
--ms_phases=2
--ms_subintervals=2
--multisend=false
--spk_compress=0
--binqueue=false

CONFIGURATION
--spikebuf=100000
--prcellgid=-1
--forwardskip=0
--celsius=36
--mindelay=10
--report-buffer-size=4

OUTPUT PARAMETERS
--dt_io=0.1
--outpath=.
--checkpoint=

 Start time (t) = 0

 Memory (MBs) :  After mk_spikevec_buffer : Max 140.4844, Min 140.4844, Avg 140.4844 
 GPU Memory (MiBs) : Used = 426.625000, Free = 40200.187500, Total = 40626.812500
 Memory (MBs) :     After nrn_finitialize : Max 204.7695, Min 204.7695, Avg 204.7695 
 GPU Memory (MiBs) : Used = 436.625000, Free = 40190.187500, Total = 40626.812500

psolve |                                                         | t: 0.00   ETA: 0h00m00spsolve |=========                                                | t: 855.75 ETA: 0h00m24spsolve |====================                                     | t: 1791.00 ETA: 0h00m17spsolve |===============================                          | t: 2736.25 ETA: 0h00m12spsolve |=========================================                | t: 3681.50 ETA: 0h00m07spsolve |====================================================     | t: 4626.75 ETA: 0h00m02spsolve |=========================================================| t: 5000.00 ETA: 0h00m27s

Solver Time : 26.6377


 Simulation Statistics
 Number of cells: 4000
 Number of compartments: 12000
 Number of presyns: 4081
 Number of input presyns: 0
 Number of synapses: 320160
 Number of point processes: 8081
 Number of transfer sources: 0
 Number of transfer targets: 0
 Number of spikes: 592865
 Number of spikes with non negative gid-s: 592865
