# experiment: E3
# session: inf02_20261007_131633
# commit: 7b42dc4251c099c828a93cd08f251e1be9ad1505
# describe: v2.6.0-rc2
# dirty: 0
# build_generated_changed: 31
# node: inf02
# cpu: Intel(R) Xeon(R) Gold 6342 CPU @ 2.80GHz
# governor: performance
# loadavg: 1.00 1.00 1.00
# numa_bind: 0
# gpu: NVIDIA A40
# driver: 595.71.05
# cuda: 12.8
# persistence: Enabled
# sm_clock_mhz: 1740 / 1740
# clock_reasons: 0x0000000000000000
# gpu_mem_used_mib: 0
# gpu_processes: none
# arm: t1_ocl_n50000
# rep: 7
# command: numactl --cpunodebind=0 --membind=0 env GENESIS_OCL_MULTILOOP=50000 timeout 1800 ./genesis/src/nxgenesis_ocl -nosimrc -notty -batch genesis/Scripts/benchmark/hh_spiking_benchmark.g 50000 50000
Starting Genesis
Executable:         /storage2/home/kchlasta/campaign-dry-inf02/./genesis/src/nxgenesis_ocl
The diskio library uses the netcdf-version 3.4 library, which is provided
"as is" under the terms of distribution and usage by UCAR/Unidata.
Please see src/diskio/interface/netcdf/netcdf-3.4/copyright.html
for the full notice.

The kinetics library is copylefted under the LGPL, see kinetics/COPYRIGHT.

Simulation Script:  genesis/Scripts/benchmark/hh_spiking_benchmark.g
=== HH Spiking Benchmark (single hsolve, driven neurons) ===
Neurons:    50000
Steps:      50000
dt:         5e-05  s
inject:     1e-09  A
record:     0

/library
/
Building driven HH cells...
changing clock [0] from 1 to 5e-05
Configuring single hsolve (chanmode=4, N= 50000  neurons)...
ncompts:  50000
nchips:   550000
time = 0.000000 ; step = 0          
OCL: urzadzenie: NVIDIA A40
OCL: tryb multiloop — 50000 krokow w jednym dispatchu
OCL: gotowy (50000 kompartmentow, 550000 chips, kernele fp32)
OCL MULTILOOP: 50000 krokow | kernel 256.5 ms | total 259.8 ms | 5.195 us/krok
time = 0.000500 ; step = 10          
completed 10 steps in 0.273575 cpu seconds
user time used		= 2 sec  229249 usec
system time used	= 0 sec  273783 usec
time = 2.500500 ; step = 50010          
completed 50000 steps in 0.001470 cpu seconds
user time used		= 2 sec  230801 usec
system time used	= 0 sec  273784 usec

=== Results ===
Neurons:               50000
Steps:                 50000
CPU-timer step time:   0  s
VMFINAL 0  -0.08011862636
OCL MULTILOOP SUMMARY (1 hsolve state(s))
  batch dispatched : 1 kernel call covering 50000 steps
  no-op steps      : 50009 (CPU Hines identity pass-through)
  (timing per-dispatch printed at dispatch time above)
OCL: zasoby zwolnione
