# experiment: E8
# session: inf02_20261003_222123
# commit: be3ec7cf9f14cab1fc5ab901cab904ec6c23f5c7
# describe: v2.6.0-rc1
# dirty: 0
# build_generated_changed: 27
# node: inf02
# cpu: Intel(R) Xeon(R) Gold 6342 CPU @ 2.80GHz
# governor: performance
# loadavg: 1.00 1.00 1.00
# gpu: NVIDIA A40
# driver: 595.71.05
# cuda: 12.8
# persistence: Enabled
# sm_clock_mhz: 1740 / 1740
# clock_reasons: 0x0000000000000000
# gpu_mem_used_mib: 0
# gpu_processes: none
# arm: spk_id_g0
# rep: 1
# command: env -C /storage2/home/kchlasta/tc-verify-20260929/runs/inf02/campaign_E8 GENESIS_CUDA_GRAPH=0 GENESIS_VANET2_SPIKEFILE=/storage2/home/kchlasta/tc-verify-20260929/runs/inf02/campaign_E8/spikes_g0.txt timeout 3600 /storage2/home/kchlasta/campaign-dry-inf02/genesis/src/nxgenesis -notty -batch VAnet2-batch-1solver.g
Starting Genesis
Executable:         /storage2/home/kchlasta/campaign-dry-inf02/genesis/src/nxgenesis
The diskio library uses the netcdf-version 3.4 library, which is provided
"as is" under the terms of distribution and usage by UCAR/Unidata.
Please see src/diskio/interface/netcdf/netcdf-3.4/copyright.html
for the full notice.

The kinetics library is copylefted under the LGPL, see kinetics/COPYRIGHT.

Startup script:     .simrc
SIMPATH=. /storage2/home/kchlasta/campaign-dry-inf02/genesis/startup /storage2/home/kchlasta/campaign-dry-inf02/genesis/Scripts/neurokit /storage2/home/kchlasta/campaign-dry-inf02/genesis/Scripts/neurokit/prototypes
SIMNOTES=/storage2/home/kchlasta/tc-verify-20260929/runs/inf02/campaign_E8/.notes
GENESIS_HELP=/storage2/home/kchlasta/campaign-dry-inf02/genesis/Doc
Simulation Script:  VAnet2-batch-1solver.g
Using SPRNG random number generator
<VAnet2-batch-1solver.g> line 84
** Error - CastToInt: Error casting '', using 0
changing clock [0] from 1 to 5e-05
/library
/
reading 'VA_HHcell.p'.... 
VA_HHcell.p read: 1 compartments, 4 channels, 0 shells, 2 others
reading 'VA_HHcell.p'.... 
VA_HHcell.p read: 1 compartments, 4 channels, 0 shells, 2 others
Crank-Nicolson. Note : applies only to hsolve elements
Ex solver ncompts:  3200
Crank-Nicolson. Note : applies only to hsolve elements
Inh solver ncompts:  800
time = 0.000000 ; step = 0          
................................................................................................................................................................................................................................................................................................................................................................................................................................................................................................................................................................................................................................................................................................................................................................................................................................................................................................................................................................................................................................................................................................................................................................................................................................................................................................................................................................................................................................................................................................................................................................................................................................................................................................................................................................................................................................................................................................................................................................................................................................................................................................................................................................................................................................................................................................................................................................................................................................................................................................................................................................................................................................................................................................................................................................................................................................................................................................................................................................................................................................................................................................................................................................................................................................................................................................................................
................................................................................................................................................................................................................................................................................................................................................................................................................................................................................................................................................................................................................................................................................................................................................................................................................................................................................................................................................................................................................................................................................................................................................................................................................................................................................................................................................................................................................................................................................................................................................................................................................................................................................................................................................................................................................................................................................................................................................................................................................................................................................................................................................................................................................................................................................................................................................................................................................................................................................................................................................................................................................................................................................................................................................................................................................................................................................................................................................................................................................................................................................................................................................................................................................................................................................................................................
................................................................................................................................................................................................................................................................................................................................................................................................................................................................................................................................................................................................................................................................................................................................................................................................................................
................................................................................................................................................................................................................................................................................................................................................................................................................................................................................................................................................................................................................................................................................................................................................................................................................................
All input weights set to 5
recording every spike to /storage2/home/kchlasta/tc-verify-20260929/runs/inf02/campaign_E8/spikes_g0.txt (not a timing run)
time = 0.000000 ; step = 0          
<VAnet2-batch-1solver.g> line 579
** Error - CastToFloat: Error casting '', using 0.0
RUNID:  1000
All input weights set to 10
time = 0.000000 ; step = 0          
time = 0.000000 ; step = 0          
dt = 4.999999874e-05   tmax = 0.05
Network of 64 by 50 excitatory cells with separations 4e-05 by 4e-05
and 32 by 25 inhibitory cells with separations 8e-05 by 8e-05
Random number generator seed initialized to:  1404706052

Average number of Ex_ex synapses per cell:  65
Average number of Ex_inh synapses per cell:  15
Average number of Inh_ex synapses per cell:  63
Average number of Inh_inh synapses per cell:  15
Script name:  VAnet2-batch.g
RUNID:  1000
average input frequency:  70
input weight:  10
START:  Sat Oct  3 22:30:42 2026
CUDA: device: NVIDIA A40 (sm_86, 84 SMs)
CUDA: graph dispatch: tree loop off, per-step off
CUDA: ready (3200 compartments, 64000 chips, fp32 kernels)
CUDA: spikegen present; cross-hsolve batching disabled (message ordering would change).
CUDA: device: NVIDIA A40 (sm_86, 84 SMs)
CUDA: graph dispatch: tree loop off, per-step off
CUDA: ready (800 compartments, 16000 chips, fp32 kernels)
CUDA: spikegen present; cross-hsolve batching disabled (message ordering would change).
END  :  Sat Oct  3 22:30:43 2026
dt = 4.999999874e-05   tmax = 4.95
Network of 64 by 50 excitatory cells with separations 4e-05 by 4e-05
and 32 by 25 inhibitory cells with separations 8e-05 by 8e-05
Random number generator seed initialized to:  1404706052

Average number of Ex_ex synapses per cell:  65
Average number of Ex_inh synapses per cell:  15
Average number of Inh_ex synapses per cell:  63
Average number of Inh_inh synapses per cell:  15
Script name:  VAnet2-batch.g
RUNID:  1000
average input frequency:  0
input weight:  10
START:  Sat Oct  3 22:30:43 2026
END  :  Sat Oct  3 22:31:26 2026
CUDA PROFILING SUMMARY
  steps profiled : 100001
  kernel total   : 0.000 ms  (0.00 us/step)
  NOTE: kernel is only the channel-update fraction of a step;
        the Hines solve runs on the CPU (per-step mode).
CUDA PROFILING SUMMARY
  steps profiled : 100001
  kernel total   : 0.000 ms  (0.00 us/step)
  NOTE: kernel is only the channel-update fraction of a step;
        the Hines solve runs on the CPU (per-step mode).
