# experiment: E3
# session: inf02_20261003_213022
# commit: be3ec7cf9f14cab1fc5ab901cab904ec6c23f5c7
# describe: v2.6.0-rc1
# dirty: 0
# build_generated_changed: 27
# node: inf02
# cpu: Intel(R) Xeon(R) Gold 6342 CPU @ 2.80GHz
# governor: performance
# loadavg: 1.01 1.00 1.00
# gpu: NVIDIA A40
# driver: 595.71.05
# cuda: 12.8
# persistence: Enabled
# sm_clock_mhz: 1740 / 1740
# clock_reasons: 0x0000000000000000
# gpu_mem_used_mib: 0
# gpu_processes: none
# arm: t1_cpu_n5000
# rep: 7
# command: timeout 1800 ./genesis/src/nxgenesis_nocl -nosimrc -notty -batch genesis/Scripts/benchmark/hh_spiking_benchmark.g 5000 50000
Starting Genesis
Executable:         /storage2/home/kchlasta/campaign-dry-inf02/./genesis/src/nxgenesis_nocl
The diskio library uses the netcdf-version 3.4 library, which is provided
"as is" under the terms of distribution and usage by UCAR/Unidata.
Please see src/diskio/interface/netcdf/netcdf-3.4/copyright.html
for the full notice.

The kinetics library is copylefted under the LGPL, see kinetics/COPYRIGHT.

Simulation Script:  genesis/Scripts/benchmark/hh_spiking_benchmark.g
=== HH Spiking Benchmark (single hsolve, driven neurons) ===
Neurons:    5000
Steps:      50000
dt:         5e-05  s
inject:     1e-09  A
record:     0

/library
/
Building driven HH cells...
changing clock [0] from 1 to 5e-05
Configuring single hsolve (chanmode=4, N= 5000  neurons)...
ncompts:  5000
nchips:   55000
time = 0.000000 ; step = 0          
time = 0.000500 ; step = 10          
completed 10 steps in 0.001069 cpu seconds
user time used		= 0 sec  178741 usec
system time used	= 0 sec  6023 usec
time = 2.500500 ; step = 50010          
completed 50000 steps in 5.159001 cpu seconds
user time used		= 5 sec  337791 usec
system time used	= 0 sec  6024 usec

=== Results ===
Neurons:               5000
Steps:                 50000
CPU-timer step time:   0  s
VMFINAL 0  -0.06274029477
