# experiment: E3
# session: inf02_20261003_213022
# commit: be3ec7cf9f14cab1fc5ab901cab904ec6c23f5c7
# describe: v2.6.0-rc1
# dirty: 0
# build_generated_changed: 27
# node: inf02
# cpu: Intel(R) Xeon(R) Gold 6342 CPU @ 2.80GHz
# governor: performance
# loadavg: 1.00 0.98 1.00
# gpu: NVIDIA A40
# driver: 595.71.05
# cuda: 12.8
# persistence: Enabled
# sm_clock_mhz: 1740 / 1740
# clock_reasons: 0x0000000000000000
# gpu_mem_used_mib: 0
# gpu_processes: none
# arm: t1_cuda_n50000
# rep: 7
# command: env GENESIS_CUDA_MULTILOOP=50000 timeout 1800 ./genesis/src/nxgenesis -nosimrc -notty -batch genesis/Scripts/benchmark/hh_spiking_benchmark.g 50000 50000
Starting Genesis
Executable:         /storage2/home/kchlasta/campaign-dry-inf02/./genesis/src/nxgenesis
The diskio library uses the netcdf-version 3.4 library, which is provided
"as is" under the terms of distribution and usage by UCAR/Unidata.
Please see src/diskio/interface/netcdf/netcdf-3.4/copyright.html
for the full notice.

The kinetics library is copylefted under the LGPL, see kinetics/COPYRIGHT.

Simulation Script:  genesis/Scripts/benchmark/hh_spiking_benchmark.g
=== HH Spiking Benchmark (single hsolve, driven neurons) ===
Neurons:    50000
Steps:      50000
dt:         5e-05  s
inject:     1e-09  A
record:     0

/library
/
Building driven HH cells...
changing clock [0] from 1 to 5e-05
Configuring single hsolve (chanmode=4, N= 50000  neurons)...
ncompts:  50000
nchips:   550000
time = 0.000000 ; step = 0          
CUDA: device: NVIDIA A40 (sm_86, 84 SMs)
CUDA: graph dispatch: tree loop on, per-step off
CUDA: ready (50000 compartments, 550000 chips, fp32 kernels)
CUDA: multiloop mode -- 50000 steps per dispatch
CUDA MULTILOOP: 50000 steps | kernel 259.1 ms | total 259.1 ms | 5.182 us/step
time = 0.000500 ; step = 10          
completed 10 steps in 0.276290 cpu seconds
user time used		= 2 sec  254946 usec
system time used	= 0 sec  172807 usec
time = 2.500500 ; step = 50010          
completed 50000 steps in 0.002036 cpu seconds
user time used		= 2 sec  257058 usec
system time used	= 0 sec  172816 usec

=== Results ===
Neurons:               50000
Steps:                 50000
CPU-timer step time:   0  s
VMFINAL 0  -0.07973368466
