# experiment: E3
# session: inf02_20261003_213022
# commit: be3ec7cf9f14cab1fc5ab901cab904ec6c23f5c7
# describe: v2.6.0-rc1
# dirty: 0
# build_generated_changed: 27
# node: inf02
# cpu: Intel(R) Xeon(R) Gold 6342 CPU @ 2.80GHz
# governor: performance
# loadavg: 0.94 0.98 1.00
# gpu: NVIDIA A40
# driver: 595.71.05
# cuda: 12.8
# persistence: Enabled
# sm_clock_mhz: 1740 / 1740
# clock_reasons: 0x0000000000000000
# gpu_mem_used_mib: 0
# gpu_processes: none
# arm: t2_cpu_n20000
# rep: 9
# command: env GENESIS_BENCH_CHANMODE=1 GENESIS_BENCH_NCOMP=16 timeout 7200 ./genesis/src/nxgenesis_nocl -nosimrc -notty -batch genesis/Scripts/benchmark/hh_multicompartment_createmap.g 20000 200
Starting Genesis
Executable:         /storage2/home/kchlasta/campaign-dry-inf02/./genesis/src/nxgenesis_nocl
The diskio library uses the netcdf-version 3.4 library, which is provided
"as is" under the terms of distribution and usage by UCAR/Unidata.
Please see src/diskio/interface/netcdf/netcdf-3.4/copyright.html
for the full notice.

The kinetics library is copylefted under the LGPL, see kinetics/COPYRIGHT.

Simulation Script:  genesis/Scripts/benchmark/hh_multicompartment_createmap.g
<genesis/Scripts/benchmark/hh_multicompartment_createmap.g> line 63
** Error - CastToInt: Error casting '', using 0
<genesis/Scripts/benchmark/hh_multicompartment_createmap.g> line 67
** Error - Error promoting '' to INT, using 0
<genesis/Scripts/benchmark/hh_multicompartment_createmap.g> line 78
** Error - CastToInt: Error casting '', using 0
<genesis/Scripts/benchmark/hh_multicompartment_createmap.g> line 79
** Error - CastToInt: Error casting '', using 0
<genesis/Scripts/benchmark/hh_multicompartment_createmap.g> line 80
** Error - CastToInt: Error casting '', using 0
=== HH Multicompartment Benchmark ===
Neurons:    20000
Comp/neuron: 16
Total comps: 320000
Steps:      200
chanmode:   1

/library
/
/library/cell
/
Building cables via createmap...
changing clock [0] from 1 to 1e-05
Configuring single hsolve (chanmode= 1 , N*NCOMP= 320000  comps)...
ncompts:  320000
time = 0.000000 ; step = 0          
time = 0.002100 ; step = 210          
completed 210 steps in 12.298501 cpu seconds
RESULT_T_TOTAL= 12.43147469
RESULT_T_PER_STEP= 0.0591974985
<genesis/Scripts/benchmark/hh_multicompartment_createmap.g> line 266
** Error - Solver : HPUT/HGET calls should only be used when chanmode >= 2. '/net/solver'
<genesis/Scripts/benchmark/hh_multicompartment_createmap.g> line 267
** Error - Solver : HPUT/HGET calls should only be used when chanmode >= 2. '/net/solver'
RESULT_VM_FAR= -0.002740719889
RESULT_VM_SOMA= 0.02544330817

=== done: N= 20000  NCOMP= 16  steps= 200  chanmode= 1  ===
