Starting Genesis
Executable:         /storage2/home/kchlasta/campaign-dry-inf03/genesis/src/nxgenesis
The diskio library uses the netcdf-version 3.4 library, which is provided
"as is" under the terms of distribution and usage by UCAR/Unidata.
Please see src/diskio/interface/netcdf/netcdf-3.4/copyright.html
for the full notice.

The kinetics library is copylefted under the LGPL, see kinetics/COPYRIGHT.

Simulation Script:  genesis/Scripts/benchmark/hh_multicompartment_createmap.g
<genesis/Scripts/benchmark/hh_multicompartment_createmap.g> line 63
** Error - CastToInt: Error casting '', using 0
<genesis/Scripts/benchmark/hh_multicompartment_createmap.g> line 67
** Error - Error promoting '' to INT, using 0
<genesis/Scripts/benchmark/hh_multicompartment_createmap.g> line 78
** Error - CastToInt: Error casting '', using 0
<genesis/Scripts/benchmark/hh_multicompartment_createmap.g> line 79
** Error - CastToInt: Error casting '', using 0
<genesis/Scripts/benchmark/hh_multicompartment_createmap.g> line 80
** Error - CastToInt: Error casting '', using 0
=== HH Multicompartment Benchmark ===
Neurons:    10000
Comp/neuron: 16
Total comps: 160000
Steps:      5000
chanmode:   4

/library
/
/library/cell
/
Building cables via createmap...
changing clock [0] from 1 to 1e-05
Configuring single hsolve (chanmode= 4 , N*NCOMP= 160000  comps)...
ncompts:  160000
time = 0.000000 ; step = 0          
CUDA: device: NVIDIA A100-PCIE-40GB (sm_80, 108 SMs)
CUDA: graph dispatch: tree loop on, per-step on
CUDA: ready (160000 compartments, 1760000 chips, fp32 kernels)
CUDA: multiloop mode -- 5010 steps per dispatch
CUDA: tree-elimination kernel ready (10000 trees)
CUDA MULTILOOP (tree): 5010 steps x 2 kernels | total 391.4 ms | 78.114 us/step
time = 0.050100 ; step = 5010          
completed 5010 steps in 0.453829 cpu seconds
RESULT_T_TOTAL= 0.693959415
RESULT_T_PER_STEP= 0.0001385148533
RESULT_VM_FAR= -0.07983353734
RESULT_VM_SOMA= -0.0735405311

=== done: N= 10000  NCOMP= 16  steps= 5000  chanmode= 4  ===
Collecting data...
Generating '/tmp/nsys-report-52f1.qdstrm'
[1/1] [0%                          ] tree_g1.nsys-rep[1/1] [0%                          ] tree_g1.nsys-rep[1/1] [====27%                     ] tree_g1.nsys-rep[1/1] [=============58%            ] tree_g1.nsys-rep[1/1] [=====================89%    ] tree_g1.nsys-rep[1/1] [======================90%   ] tree_g1.nsys-rep[1/1] [======================91%   ] tree_g1.nsys-rep[1/1] [========================100%] tree_g1.nsys-rep[1/1] [========================100%] tree_g1.nsys-rep
Generated:
    /storage2/home/kchlasta/fix-dev/cluster_bringup/logs/campaign_prep/host_kernel_inf03_20261009_232805/tree_g1.nsys-rep
