# experiment: E1
# session: inf03_20261003_203844
# commit: be3ec7cf9f14cab1fc5ab901cab904ec6c23f5c7
# describe: v2.6.0-rc1
# dirty: 0
# build_generated_changed: 27
# node: inf03
# cpu: Intel(R) Xeon(R) Platinum 8358 CPU @ 2.60GHz
# governor: performance
# loadavg: 1.01 0.94 0.57
# gpu: NVIDIA A100-PCIE-40GB
# driver: 595.71.05
# cuda: 12.8
# persistence: Enabled
# sm_clock_mhz: 1350 / 1410
# clock_reasons: 0x0000000000000000
# gpu_mem_used_mib: 0
# gpu_processes: none
# arm: arbor_gpu
# rep: 0
# command: env -C /storage2/home/kchlasta/tc-verify-20260929/runs/inf03/campaign_E1/arbor_gpu USE_GPU=1 ARBOR_COBAHH_CAT=/storage2/home/kchlasta/tc-verify-20260929/opt/arbor-cobahh/cobahh-catalogue.so PYTHONPATH=/storage2/home/kchlasta/tc-verify-20260929/opt/arbor-gpu/lib/python3.13/site-packages LD_LIBRARY_PATH=/storage/opt/cuda/cuda-12.8/lib64:/storage2/home/kchlasta/tc-verify-20260929/opt/arbor-gpu/lib:/storage/opt/cuda/cuda-12.8/lib64: timeout 3600 /storage2/home/kchlasta/tc-verify-20260929/opt/miniforge/bin/python3 /storage2/home/kchlasta/campaign-dry-inf03/cluster_bringup/arbor_vanet2/vanet2_arbor.py
RESULT_NCELL=4000 RESULT_NE=3200 RESULT_NI=800
RESULT_GPU=1 RESULT_HAS_GPU=True
RESULT_FANIN=80 RESULT_FANIN_E=64.0 RESULT_FANIN_I=16.0
RESULT_BUILD_S=1.735
RESULT_RUN_S=146.397
RESULT_WALL_S=148.132
RESULT_MIN_ISI_MS=2.3763
RESULT_SPIKES=602720
RESULT_RATE_HZ=30.1360
