# experiment: E1
# session: inf03_20261003_203844
# commit: be3ec7cf9f14cab1fc5ab901cab904ec6c23f5c7
# describe: v2.6.0-rc1
# dirty: 0
# build_generated_changed: 27
# node: inf03
# cpu: Intel(R) Xeon(R) Platinum 8358 CPU @ 2.60GHz
# governor: performance
# loadavg: 1.10 0.54 0.22
# gpu: NVIDIA A100-PCIE-40GB
# driver: 595.71.05
# cuda: 12.8
# persistence: Enabled
# sm_clock_mhz: 210 / 1410
# clock_reasons: 0x0000000000000001
# gpu_mem_used_mib: 0
# gpu_processes: none
# arm: g_cpu_pub
# rep: 0
# command: sh -c cd '/storage2/home/kchlasta/tc-verify-20260929/runs/inf03/campaign_E1/g_cpu_pub' && exec timeout 3600 '/storage2/home/kchlasta/campaign-dry-inf03/genesis/src/nxgenesis_nocl' -notty -batch VAnet2-batch.g
Starting Genesis
Executable:         /storage2/home/kchlasta/campaign-dry-inf03/genesis/src/nxgenesis_nocl
The diskio library uses the netcdf-version 3.4 library, which is provided
"as is" under the terms of distribution and usage by UCAR/Unidata.
Please see src/diskio/interface/netcdf/netcdf-3.4/copyright.html
for the full notice.

The kinetics library is copylefted under the LGPL, see kinetics/COPYRIGHT.

Startup script:     .simrc
SIMPATH=. /storage2/home/kchlasta/campaign-dry-inf03/genesis/startup /storage2/home/kchlasta/campaign-dry-inf03/genesis/Scripts/neurokit /storage2/home/kchlasta/campaign-dry-inf03/genesis/Scripts/neurokit/prototypes
SIMNOTES=/storage2/home/kchlasta/tc-verify-20260929/runs/inf03/campaign_E1/g_cpu_pub/.notes
GENESIS_HELP=/storage2/home/kchlasta/campaign-dry-inf03/genesis/Doc
Simulation Script:  VAnet2-batch.g
Using SPRNG random number generator
changing clock [0] from 1 to 5e-05
/library
/
reading 'VA_HHcell.p'.... 
VA_HHcell.p read: 1 compartments, 4 channels, 0 shells, 2 others
reading 'VA_HHcell.p'.... 
VA_HHcell.p read: 1 compartments, 4 channels, 0 shells, 2 others
/Ex_layer/Ex_cell
Crank-Nicolson. Note : applies only to hsolve elements
/
/Inh_layer/Inh_cell
Crank-Nicolson. Note : applies only to hsolve elements
/
time = 0.000000 ; step = 0          
................................................................................................................................................................................................................................................................................................................................................................................................................................................................................................................................................................................................................................................................................................................................................................................................................................................................................................................................................................................................................................................................................................................................................................................................................................................................................................................................................................................................................................................................................................................................................................................................................................................................................................................................................................................................................................................................................................................................................................................................................................................................................................................................................................................................................................................................................................................................................................................................................................................................................................................................................................................................................................................................................................................................................................................................................................................................................................................................................................................................................................................................................................................................................................................................................................................................................................................................
................................................................................................................................................................................................................................................................................................................................................................................................................................................................................................................................................................................................................................................................................................................................................................................................................................................................................................................................................................................................................................................................................................................................................................................................................................................................................................................................................................................................................................................................................................................................................................................................................................................................................................................................................................................................................................................................................................................................................................................................................................................................................................................................................................................................................................................................................................................................................................................................................................................................................................................................................................................................................................................................................................................................................................................................................................................................................................................................................................................................................................................................................................................................................................................................................................................................................................................................
................................................................................................................................................................................................................................................................................................................................................................................................................................................................................................................................................................................................................................................................................................................................................................................................................................
................................................................................................................................................................................................................................................................................................................................................................................................................................................................................................................................................................................................................................................................................................................................................................................................................................
All input weights set to 5
time = 0.000000 ; step = 0          
<VAnet2-batch.g> line 551
** Error - CastToFloat: Error casting '', using 0.0
RUNID:  1000
All input weights set to 10
time = 0.000000 ; step = 0          
time = 0.000000 ; step = 0          
dt = 4.999999874e-05   tmax = 0.05
Network of 64 by 50 excitatory cells with separations 4e-05 by 4e-05
and 32 by 25 inhibitory cells with separations 8e-05 by 8e-05
Random number generator seed initialized to:  1404706052

Average number of Ex_ex synapses per cell:  65
Average number of Ex_inh synapses per cell:  15
Average number of Inh_ex synapses per cell:  63
Average number of Inh_inh synapses per cell:  15
Script name:  VAnet2-batch.g
RUNID:  1000
average input frequency:  70
input weight:  10
START:  Sat Oct  3 20:38:48 2026
END  :  Sat Oct  3 20:38:49 2026
dt = 4.999999874e-05   tmax = 4.95
Network of 64 by 50 excitatory cells with separations 4e-05 by 4e-05
and 32 by 25 inhibitory cells with separations 8e-05 by 8e-05
Random number generator seed initialized to:  1404706052

Average number of Ex_ex synapses per cell:  65
Average number of Ex_inh synapses per cell:  15
Average number of Inh_ex synapses per cell:  63
Average number of Inh_inh synapses per cell:  15
Script name:  VAnet2-batch.g
RUNID:  1000
average input frequency:  0
input weight:  10
START:  Sat Oct  3 20:38:49 2026
END  :  Sat Oct  3 20:39:41 2026
