Starting Genesis
Executable:         /storage2/home/kchlasta/campaign-dry-inf03/genesis/src/nxgenesis
The diskio library uses the netcdf-version 3.4 library, which is provided
"as is" under the terms of distribution and usage by UCAR/Unidata.
Please see src/diskio/interface/netcdf/netcdf-3.4/copyright.html
for the full notice.

The kinetics library is copylefted under the LGPL, see kinetics/COPYRIGHT.

Simulation Script:  genesis/Scripts/benchmark/hh_multicompartment_createmap.g
<genesis/Scripts/benchmark/hh_multicompartment_createmap.g> line 63
** Error - CastToInt: Error casting '', using 0
<genesis/Scripts/benchmark/hh_multicompartment_createmap.g> line 67
** Error - Error promoting '' to INT, using 0
<genesis/Scripts/benchmark/hh_multicompartment_createmap.g> line 78
** Error - CastToInt: Error casting '', using 0
<genesis/Scripts/benchmark/hh_multicompartment_createmap.g> line 79
** Error - CastToInt: Error casting '', using 0
<genesis/Scripts/benchmark/hh_multicompartment_createmap.g> line 80
** Error - CastToInt: Error casting '', using 0
=== HH Multicompartment Benchmark ===
Neurons:    10000
Comp/neuron: 16
Total comps: 160000
Steps:      5000
chanmode:   4

/library
/
/library/cell
/
Building cables via createmap...
changing clock [0] from 1 to 1e-05
Configuring single hsolve (chanmode= 4 , N*NCOMP= 160000  comps)...
ncompts:  160000
time = 0.000000 ; step = 0          
CUDA: device: NVIDIA A100-PCIE-40GB (sm_80, 108 SMs)
CUDA: graph dispatch: tree loop on, per-step on
CUDA: ready (160000 compartments, 1760000 chips, fp32 kernels)
CUDA: multiloop mode -- 5010 steps per dispatch
CUDA multiloop (tree): ncompts=160000 exceeds the safe cap (20000, override with GENESIS_OCL_TREE_MAX_NCOMPTS) -- see ocl_hsolve.c/cuda_hsolve.c comments. Falling back to CPU for this hsolve; multiloop disabled for the rest of this run.
time = 0.050100 ; step = 5010          
completed 5010 steps in 12.771462 cpu seconds
RESULT_T_TOTAL= 13.0178566
RESULT_T_PER_STEP= 0.00259837457
RESULT_VM_FAR= -0.07983378501
RESULT_VM_SOMA= -0.07354096884

=== done: N= 10000  NCOMP= 16  steps= 5000  chanmode= 4  ===
CUDA PROFILING SUMMARY
  steps profiled : 5009
  kernel total   : 0.000 ms  (0.00 us/step)
  NOTE: kernel is only the channel-update fraction of a step;
        the Hines solve runs on the CPU (per-step mode).
Collecting data...
Generating '/tmp/nsys-report-9847.qdstrm'
[1/1] [0%                          ] tree_g1.nsys-rep[1/1] [0%                          ] tree_g1.nsys-rep[1/1] [============56%             ] tree_g1.nsys-rep[1/1] [==============64%           ] tree_g1.nsys-rep[1/1] [================70%         ] tree_g1.nsys-rep[1/1] [==================75%       ] tree_g1.nsys-rep[1/1] [==================76%       ] tree_g1.nsys-rep[1/1] [==================77%       ] tree_g1.nsys-rep[1/1] [==================78%       ] tree_g1.nsys-rep[1/1] [========================100%] tree_g1.nsys-rep[1/1] [========================100%] tree_g1.nsys-rep
Generated:
    /storage2/home/kchlasta/fix-dev/cluster_bringup/logs/campaign_prep/host_kernel_inf03_20261009_225603/tree_g1.nsys-rep
