Warning: no DISPLAY environment variable.
--No graphics will be displayed.
 
 Duke, Yale, and the BlueBrain Project -- Copyright 1984-2020
 Version : 9.0.2 ba57833 (2026-08-10 08:51:04 -0400)
 
 Additional mechanisms from files
 exp2syn.mod expsyn.mod hh.mod netstim.mod passive.mod pattern.mod stim.mod svclmp.mod

 Memory (MBs) :             After mk_mech : Max 598.0352, Min 598.0352, Avg 598.0352 
 Memory (MBs) :            After MPI_Init : Max 598.0352, Min 598.0352, Avg 598.0352 
 Memory (MBs) :          Before nrn_setup : Max 598.0352, Min 598.0352, Avg 598.0352 
 Setup Done   : 0.13 seconds 
 Model size   : 77.55 MB
 Memory (MBs) :          After nrn_setup  : Max 685.9648, Min 685.9648, Avg 685.9648 
GENERAL PARAMETERS
--mpi=false
--mpi-lib=
--gpu=false
--dt=0.0125
--tstop=10

GPU
--nwarp=65536
--cell-permute=0
--cuda-interface=false

INPUT PARAMETERS
--voltage=1000
--seed=-1
--datpath=.
--filesdat=./files.dat
--pattern=
--report-conf=
--restore=     

PARALLEL COMPUTATION PARAMETERS
--threading=false
--skip_mpi_finalize=true

SPIKE EXCHANGE
--ms_phases=2
--ms_subintervals=2
--multisend=false
--spk_compress=0
--binqueue=false

CONFIGURATION
--spikebuf=100000
--prcellgid=-1
--forwardskip=0
--celsius=6.3
--mindelay=10
--report-buffer-size=4

OUTPUT PARAMETERS
--dt_io=0.1
--outpath=.
--checkpoint=

 Start time (t) = 0

 Memory (MBs) :  After mk_spikevec_buffer : Max 685.9648, Min 685.9648, Avg 685.9648 
 Memory (MBs) :     After nrn_finitialize : Max 685.9648, Min 685.9648, Avg 685.9648 

psolve |                                                         | t: 0.00   ETA: 0h00m00spsolve |=========================================================| t: 10.00  ETA: 0h00m11spsolve |=========================================================| t: 10.00  ETA: 0h00m11sChanged dt
RESULT_N=10000 RESULT_NCOMP=16 RESULT_TOTAL_COMPS=160000 RESULT_STEPS=1000
RESULT_BUILD_S=2.225
RESULT_RUN_S=12.484
RESULT_WALL_S=14.708
RESULT_VM_SOMA=-66.873757
RESULT_VM_FAR=-74.853939


Solver Time : 11.636


 Simulation Statistics
 Number of cells: 10000
 Number of compartments: 330000
 Number of presyns: 10000
 Number of input presyns: 0
 Number of synapses: 10000
 Number of point processes: 10000
 Number of transfer sources: 0
 Number of transfer targets: 0
 Number of spikes: 10000
 Number of spikes with non negative gid-s: 10000
[ perf record: Woken up 3 times to write data ]
[ perf record: Captured and wrote 0.671 MB /storage2/home/kchlasta/tc-verify-20260929/runs/inf03/profile_dso.perf.data (9392 samples) ]
