# experiment: E6
# session: inf03_20261008_212051
# commit: 0fe5c6fe04030609d8421694d8fb8824a7d06f8d
# describe: v2.6.0-rc3
# dirty: 0
# build_generated_changed: 31
# node: inf03
# cpu: Intel(R) Xeon(R) Platinum 8358 CPU @ 2.60GHz
# governor: performance
# loadavg: 1.00 1.00 1.00
# numa_bind: 0
# gpu: NVIDIA A100-PCIE-40GB
# driver: 595.71.05
# cuda: 12.8
# persistence: Enabled
# sm_clock_mhz: 210 / 1410
# clock_reasons: 0x0000000000000001
# gpu_mem_used_mib: 0
# gpu_processes: none
# arm: g_tree
# rep: 3
# command: numactl --cpunodebind=0 --membind=0 env GENESIS_BENCH_CHANMODE=1 GENESIS_BENCH_NCOMP=16 timeout 7200 ./genesis/src/nxgenesis_nocl -nosimrc -notty -batch genesis/Scripts/benchmark/hh_multicompartment_createmap.g 10000 1000
Starting Genesis
Executable:         /storage2/home/kchlasta/campaign-dry-inf03/./genesis/src/nxgenesis_nocl
The diskio library uses the netcdf-version 3.4 library, which is provided
"as is" under the terms of distribution and usage by UCAR/Unidata.
Please see src/diskio/interface/netcdf/netcdf-3.4/copyright.html
for the full notice.

The kinetics library is copylefted under the LGPL, see kinetics/COPYRIGHT.

Simulation Script:  genesis/Scripts/benchmark/hh_multicompartment_createmap.g
<genesis/Scripts/benchmark/hh_multicompartment_createmap.g> line 63
** Error - CastToInt: Error casting '', using 0
<genesis/Scripts/benchmark/hh_multicompartment_createmap.g> line 67
** Error - Error promoting '' to INT, using 0
<genesis/Scripts/benchmark/hh_multicompartment_createmap.g> line 78
** Error - CastToInt: Error casting '', using 0
<genesis/Scripts/benchmark/hh_multicompartment_createmap.g> line 79
** Error - CastToInt: Error casting '', using 0
<genesis/Scripts/benchmark/hh_multicompartment_createmap.g> line 80
** Error - CastToInt: Error casting '', using 0
=== HH Multicompartment Benchmark ===
Neurons:    10000
Comp/neuron: 16
Total comps: 160000
Steps:      1000
chanmode:   1

/library
/
/library/cell
/
Building cables via createmap...
changing clock [0] from 1 to 1e-05
Configuring single hsolve (chanmode= 1 , N*NCOMP= 160000  comps)...
ncompts:  160000
time = 0.000000 ; step = 0          
time = 0.010100 ; step = 1010          
completed 1010 steps in 24.555995 cpu seconds
RESULT_T_TOTAL= 24.70805359
RESULT_T_PER_STEP= 0.02446341939
<genesis/Scripts/benchmark/hh_multicompartment_createmap.g> line 266
** Error - Solver : HPUT/HGET calls should only be used when chanmode >= 2. '/net/solver'
<genesis/Scripts/benchmark/hh_multicompartment_createmap.g> line 267
** Error - Solver : HPUT/HGET calls should only be used when chanmode >= 2. '/net/solver'
RESULT_VM_FAR= -0.07569977784
RESULT_VM_SOMA= -0.06777833896

=== done: N= 10000  NCOMP= 16  steps= 1000  chanmode= 1  ===
