# experiment: E1
# session: inf03_20261007_122047
# commit: 7b42dc4251c099c828a93cd08f251e1be9ad1505
# describe: v2.6.0-rc2
# dirty: 0
# build_generated_changed: 31
# node: inf03
# cpu: Intel(R) Xeon(R) Platinum 8358 CPU @ 2.60GHz
# governor: performance
# loadavg: 1.05 0.99 0.66
# numa_bind: 0
# gpu: NVIDIA A100-PCIE-40GB
# driver: 595.71.05
# cuda: 12.8
# persistence: Enabled
# sm_clock_mhz: 765 / 1410
# clock_reasons: 0x0000000000000000
# gpu_mem_used_mib: 0
# gpu_processes: none
# arm: g_gpu64_1s
# rep: 1
# command: numactl --cpunodebind=0 --membind=0 sh -c cd '/storage2/home/kchlasta/tc-verify-20260929/runs/inf03/campaign_E1/g_gpu64_1s' && exec env GENESIS_GPU_PRECISION=fp64 timeout 3600 '/storage2/home/kchlasta/campaign-dry-inf03/genesis/src/nxgenesis' -notty -batch VAnet2-batch-1solver.g
Starting Genesis
Executable:         /storage2/home/kchlasta/campaign-dry-inf03/genesis/src/nxgenesis
The diskio library uses the netcdf-version 3.4 library, which is provided
"as is" under the terms of distribution and usage by UCAR/Unidata.
Please see src/diskio/interface/netcdf/netcdf-3.4/copyright.html
for the full notice.

The kinetics library is copylefted under the LGPL, see kinetics/COPYRIGHT.

Startup script:     .simrc
SIMPATH=. /storage2/home/kchlasta/campaign-dry-inf03/genesis/startup /storage2/home/kchlasta/campaign-dry-inf03/genesis/Scripts/neurokit /storage2/home/kchlasta/campaign-dry-inf03/genesis/Scripts/neurokit/prototypes
SIMNOTES=/storage2/home/kchlasta/tc-verify-20260929/runs/inf03/campaign_E1/g_gpu64_1s/.notes
GENESIS_HELP=/storage2/home/kchlasta/campaign-dry-inf03/genesis/Doc
Simulation Script:  VAnet2-batch-1solver.g
Using SPRNG random number generator
<VAnet2-batch-1solver.g> line 84
** Error - CastToInt: Error casting '', using 0
changing clock [0] from 1 to 5e-05
/library
/
reading 'VA_HHcell.p'.... 
VA_HHcell.p read: 1 compartments, 4 channels, 0 shells, 2 others
reading 'VA_HHcell.p'.... 
VA_HHcell.p read: 1 compartments, 4 channels, 0 shells, 2 others
Crank-Nicolson. Note : applies only to hsolve elements
Ex solver ncompts:  3200
Crank-Nicolson. Note : applies only to hsolve elements
Inh solver ncompts:  800
time = 0.000000 ; step = 0          
................................................................................................................................................................................................................................................................................................................................................................................................................................................................................................................................................................................................................................................................................................................................................................................................................................................................................................................................................................................................................................................................................................................................................................................................................................................................................................................................................................................................................................................................................................................................................................................................................................................................................................................................................................................................................................................................................................................................................................................................................................................................................................................................................................................................................................................................................................................................................................................................................................................................................................................................................................................................................................................................................................................................................................................................................................................................................................................................................................................................................................................................................................................................................................................................................................................................................................................................
................................................................................................................................................................................................................................................................................................................................................................................................................................................................................................................................................................................................................................................................................................................................................................................................................................................................................................................................................................................................................................................................................................................................................................................................................................................................................................................................................................................................................................................................................................................................................................................................................................................................................................................................................................................................................................................................................................................................................................................................................................................................................................................................................................................................................................................................................................................................................................................................................................................................................................................................................................................................................................................................................................................................................................................................................................................................................................................................................................................................................................................................................................................................................................................................................................................................................................................................
................................................................................................................................................................................................................................................................................................................................................................................................................................................................................................................................................................................................................................................................................................................................................................................................................................
................................................................................................................................................................................................................................................................................................................................................................................................................................................................................................................................................................................................................................................................................................................................................................................................................................
All input weights set to 5
time = 0.000000 ; step = 0          
<VAnet2-batch-1solver.g> line 579
** Error - CastToFloat: Error casting '', using 0.0
RUNID:  1000
All input weights set to 10
time = 0.000000 ; step = 0          
time = 0.000000 ; step = 0          
dt = 4.999999874e-05   tmax = 0.05
Network of 64 by 50 excitatory cells with separations 4e-05 by 4e-05
and 32 by 25 inhibitory cells with separations 8e-05 by 8e-05
Random number generator seed initialized to:  1404706052

Average number of Ex_ex synapses per cell:  65
Average number of Ex_inh synapses per cell:  15
Average number of Inh_ex synapses per cell:  63
Average number of Inh_inh synapses per cell:  15
Script name:  VAnet2-batch.g
RUNID:  1000
average input frequency:  70
input weight:  10
START:  Wed Oct  7 12:32:44 2026
CUDA: device: NVIDIA A100-PCIE-40GB (sm_80, 108 SMs)
CUDA: graph dispatch: tree loop on, per-step off
CUDA: ready (3200 compartments, 64000 chips, fp64 kernels)
CUDA: spikegen present; cross-hsolve batching disabled (message ordering would change).
CUDA: device: NVIDIA A100-PCIE-40GB (sm_80, 108 SMs)
CUDA: graph dispatch: tree loop on, per-step off
CUDA: ready (800 compartments, 16000 chips, fp64 kernels)
CUDA: spikegen present; cross-hsolve batching disabled (message ordering would change).
END  :  Wed Oct  7 12:32:45 2026
dt = 4.999999874e-05   tmax = 4.95
Network of 64 by 50 excitatory cells with separations 4e-05 by 4e-05
and 32 by 25 inhibitory cells with separations 8e-05 by 8e-05
Random number generator seed initialized to:  1404706052

Average number of Ex_ex synapses per cell:  65
Average number of Ex_inh synapses per cell:  15
Average number of Inh_ex synapses per cell:  63
Average number of Inh_inh synapses per cell:  15
Script name:  VAnet2-batch.g
RUNID:  1000
average input frequency:  0
input weight:  10
START:  Wed Oct  7 12:32:45 2026
END  :  Wed Oct  7 12:33:22 2026
CUDA PROFILING SUMMARY
  steps profiled : 100001
  kernel total   : 0.000 ms  (0.00 us/step)
  NOTE: kernel is only the channel-update fraction of a step;
        the Hines solve runs on the CPU (per-step mode).
CUDA PROFILING SUMMARY
  steps profiled : 100001
  kernel total   : 0.000 ms  (0.00 us/step)
  NOTE: kernel is only the channel-update fraction of a step;
        the Hines solve runs on the CPU (per-step mode).
