# experiment: E3
# session: inf03_20261007_151104
# commit: 7b42dc4251c099c828a93cd08f251e1be9ad1505
# describe: v2.6.0-rc2
# dirty: 0
# build_generated_changed: 31
# node: inf03
# cpu: Intel(R) Xeon(R) Platinum 8358 CPU @ 2.60GHz
# governor: performance
# loadavg: 0.93 0.98 1.00
# numa_bind: 0
# gpu: NVIDIA A100-PCIE-40GB
# driver: 595.71.05
# cuda: 12.8
# persistence: Enabled
# sm_clock_mhz: 1410 / 1410
# clock_reasons: 0x0000000000000000
# gpu_mem_used_mib: 0
# gpu_processes: none
# arm: t1_ocl_n5000
# rep: 10
# command: numactl --cpunodebind=0 --membind=0 env GENESIS_OCL_MULTILOOP=50000 timeout 1800 ./genesis/src/nxgenesis_ocl -nosimrc -notty -batch genesis/Scripts/benchmark/hh_spiking_benchmark.g 5000 50000
Starting Genesis
Executable:         /storage2/home/kchlasta/campaign-dry-inf03/./genesis/src/nxgenesis_ocl
The diskio library uses the netcdf-version 3.4 library, which is provided
"as is" under the terms of distribution and usage by UCAR/Unidata.
Please see src/diskio/interface/netcdf/netcdf-3.4/copyright.html
for the full notice.

The kinetics library is copylefted under the LGPL, see kinetics/COPYRIGHT.

Simulation Script:  genesis/Scripts/benchmark/hh_spiking_benchmark.g
=== HH Spiking Benchmark (single hsolve, driven neurons) ===
Neurons:    5000
Steps:      50000
dt:         5e-05  s
inject:     1e-09  A
record:     0

/library
/
Building driven HH cells...
changing clock [0] from 1 to 5e-05
Configuring single hsolve (chanmode=4, N= 5000  neurons)...
ncompts:  5000
nchips:   55000
time = 0.000000 ; step = 0          
OCL: urzadzenie: NVIDIA A100-PCIE-40GB
OCL: tryb multiloop — 50000 krokow w jednym dispatchu
OCL: gotowy (5000 kompartmentow, 55000 chips, kernele fp32)
OCL MULTILOOP: 50000 krokow | kernel 76.4 ms | total 76.8 ms | 1.537 us/krok
time = 0.000500 ; step = 10          
completed 10 steps in 0.089987 cpu seconds
user time used		= 0 sec  275808 usec
system time used	= 0 sec  63454 usec
time = 2.500500 ; step = 50010          
completed 50000 steps in 0.001474 cpu seconds
user time used		= 0 sec  277383 usec
system time used	= 0 sec  63458 usec

=== Results ===
Neurons:               5000
Steps:                 50000
CPU-timer step time:   0  s
VMFINAL 0  -0.08011862636
OCL MULTILOOP SUMMARY (1 hsolve state(s))
  batch dispatched : 1 kernel call covering 50000 steps
  no-op steps      : 50009 (CPU Hines identity pass-through)
  (timing per-dispatch printed at dispatch time above)
OCL: zasoby zwolnione
