# experiment: E3
# session: inf03_20261008_224728
# commit: 0fe5c6fe04030609d8421694d8fb8824a7d06f8d
# describe: v2.6.0-rc3
# dirty: 0
# build_generated_changed: 31
# node: inf03
# cpu: Intel(R) Xeon(R) Platinum 8358 CPU @ 2.60GHz
# governor: performance
# loadavg: 1.00 1.00 1.00
# numa_bind: 0
# gpu: NVIDIA A100-PCIE-40GB
# driver: 595.71.05
# cuda: 12.8
# persistence: Enabled
# sm_clock_mhz: 930 / 1410
# clock_reasons: 0x0000000000000000
# gpu_mem_used_mib: 0
# gpu_processes: none
# arm: t1_cuda_n500
# rep: 6
# command: numactl --cpunodebind=0 --membind=0 env GENESIS_CUDA_MULTILOOP=50000 timeout 1800 ./genesis/src/nxgenesis -nosimrc -notty -batch genesis/Scripts/benchmark/hh_spiking_benchmark.g 500 50000
Starting Genesis
Executable:         /storage2/home/kchlasta/campaign-dry-inf03/./genesis/src/nxgenesis
The diskio library uses the netcdf-version 3.4 library, which is provided
"as is" under the terms of distribution and usage by UCAR/Unidata.
Please see src/diskio/interface/netcdf/netcdf-3.4/copyright.html
for the full notice.

The kinetics library is copylefted under the LGPL, see kinetics/COPYRIGHT.

Simulation Script:  genesis/Scripts/benchmark/hh_spiking_benchmark.g
=== HH Spiking Benchmark (single hsolve, driven neurons) ===
Neurons:    500
Steps:      50000
dt:         5e-05  s
inject:     1e-09  A
record:     0

/library
/
Building driven HH cells...
changing clock [0] from 1 to 5e-05
Configuring single hsolve (chanmode=4, N= 500  neurons)...
ncompts:  500
nchips:   5500
time = 0.000000 ; step = 0          
CUDA: device: NVIDIA A100-PCIE-40GB (sm_80, 108 SMs)
CUDA: graph dispatch: tree loop on, per-step off
CUDA: ready (500 compartments, 5500 chips, fp32 kernels)
CUDA: multiloop mode -- 50000 steps per dispatch
CUDA MULTILOOP: 50000 steps | kernel 136.0 ms | total 136.0 ms | 2.719 us/step
time = 0.000500 ; step = 10          
completed 10 steps in 0.150629 cpu seconds
user time used		= 0 sec  172805 usec
system time used	= 0 sec  49076 usec
time = 2.500500 ; step = 50010          
completed 50000 steps in 0.001904 cpu seconds
user time used		= 0 sec  174723 usec
system time used	= 0 sec  49154 usec

=== Results ===
Neurons:               500
Steps:                 50000
CPU-timer step time:   0  s
VMFINAL 0  -0.07973368466
