# experiment: E6
# session: inf03_20261010_041759
# commit: da4cf5e1d904297c989d7b6ca8d506f900af707e
# describe: untagged
# dirty: 3
# build_generated_changed: 0
# node: inf03
# cpu: Intel(R) Xeon(R) Platinum 8358 CPU @ 2.60GHz
# governor: performance
# loadavg: 0.94 0.55 0.23
# numa_bind: 0
# gpu: NVIDIA A100-PCIE-40GB
# driver: 595.71.05
# cuda: 12.8
# persistence: Enabled
# sm_clock_mhz: 210 / 1410
# clock_reasons: 0x0000000000000001
# gpu_mem_used_mib: 0
# gpu_processes: none
# arm: g_spk_perf
# rep: 1
# command: numactl --cpunodebind=0 --membind=0 env -C /storage2/home/kchlasta/tc-verify-20260929/runs/inf03/campaign_E6/g_spk perf record -F 499 -g -o /storage2/home/kchlasta/campaign-dry-inf03/cluster_bringup/logs/campaign_dry/runs/inf03_20261010_041759/g_spk.perf.data -- timeout 3600 /storage2/home/kchlasta/campaign-dry-inf03/genesis/src/nxgenesis_nocl -notty -batch VAnet2-batch-1solver.g
Starting Genesis
Executable:         /storage2/home/kchlasta/campaign-dry-inf03/genesis/src/nxgenesis_nocl
The diskio library uses the netcdf-version 3.4 library, which is provided
"as is" under the terms of distribution and usage by UCAR/Unidata.
Please see src/diskio/interface/netcdf/netcdf-3.4/copyright.html
for the full notice.

The kinetics library is copylefted under the LGPL, see kinetics/COPYRIGHT.

Startup script:     .simrc
SIMPATH=. /storage2/home/kchlasta/campaign-dry-inf03/genesis/startup /storage2/home/kchlasta/campaign-dry-inf03/genesis/Scripts/neurokit /storage2/home/kchlasta/campaign-dry-inf03/genesis/Scripts/neurokit/prototypes
SIMNOTES=/storage2/home/kchlasta/tc-verify-20260929/runs/inf03/campaign_E6/g_spk/.notes
GENESIS_HELP=/storage2/home/kchlasta/campaign-dry-inf03/genesis/Doc
Simulation Script:  VAnet2-batch-1solver.g
<VAnet2-batch-1solver.g> line 71
** Error - CastToInt: Error casting '', using 0
Using SPRNG random number generator
<VAnet2-batch-1solver.g> line 93
** Error - CastToInt: Error casting '', using 0
changing clock [0] from 1 to 5e-05
/library
/
reading 'VA_HHcell.p'.... 
VA_HHcell.p read: 1 compartments, 4 channels, 0 shells, 2 others
reading 'VA_HHcell.p'.... 
VA_HHcell.p read: 1 compartments, 4 channels, 0 shells, 2 others
Crank-Nicolson. Note : applies only to hsolve elements
Ex solver ncompts:  3200
Crank-Nicolson. Note : applies only to hsolve elements
Inh solver ncompts:  800
time = 0.000000 ; step = 0          
................................................................................................................................................................................................................................................................................................................................................................................................................................................................................................................................................................................................................................................................................................................................................................................................................................................................................................................................................................................................................................................................................................................................................................................................................................................................................................................................................................................................................................................................................................................................................................................................................................................................................................................................................................................................................................................................................................................................................................................................................................................................................................................................................................................................................................................................................................................................................................................................................................................................................................................................................................................................................................................................................................................................................................................................................................................................................................................................................................................................................................................................................................................................................................................................................................................................................................................................
................................................................................................................................................................................................................................................................................................................................................................................................................................................................................................................................................................................................................................................................................................................................................................................................................................................................................................................................................................................................................................................................................................................................................................................................................................................................................................................................................................................................................................................................................................................................................................................................................................................................................................................................................................................................................................................................................................................................................................................................................................................................................................................................................................................................................................................................................................................................................................................................................................................................................................................................................................................................................................................................................................................................................................................................................................................................................................................................................................................................................................................................................................................................................................................................................................................................................................................................
................................................................................................................................................................................................................................................................................................................................................................................................................................................................................................................................................................................................................................................................................................................................................................................................................................
................................................................................................................................................................................................................................................................................................................................................................................................................................................................................................................................................................................................................................................................................................................................................................................................................................
All input weights set to 5
time = 0.000000 ; step = 0          
<VAnet2-batch-1solver.g> line 588
** Error - CastToFloat: Error casting '', using 0.0
RUNID:  1000
All input weights set to 10
time = 0.000000 ; step = 0          
time = 0.000000 ; step = 0          
dt = 4.999999874e-05   tmax = 0.05
Network of 64 by 50 excitatory cells with separations 4e-05 by 4e-05
and 32 by 25 inhibitory cells with separations 8e-05 by 8e-05
Random number generator seed initialized to:  1404706052

Average number of Ex_ex synapses per cell:  65
Average number of Ex_inh synapses per cell:  15
Average number of Inh_ex synapses per cell:  63
Average number of Inh_inh synapses per cell:  15
Script name:  VAnet2-batch.g
RUNID:  1000
average input frequency:  70
input weight:  10
START:  Sat Oct 10 04:21:47 2026
END  :  Sat Oct 10 04:21:48 2026
dt = 4.999999874e-05   tmax = 4.95
Network of 64 by 50 excitatory cells with separations 4e-05 by 4e-05
and 32 by 25 inhibitory cells with separations 8e-05 by 8e-05
Random number generator seed initialized to:  1404706052

Average number of Ex_ex synapses per cell:  65
Average number of Ex_inh synapses per cell:  15
Average number of Inh_ex synapses per cell:  63
Average number of Inh_inh synapses per cell:  15
Script name:  VAnet2-batch.g
RUNID:  1000
average input frequency:  0
input weight:  10
START:  Sat Oct 10 04:21:48 2026
END  :  Sat Oct 10 04:22:22 2026
[ perf record: Woken up 5 times to write data ]
[ perf record: Captured and wrote 1.240 MB /storage2/home/kchlasta/campaign-dry-inf03/cluster_bringup/logs/campaign_dry/runs/inf03_20261010_041759/g_spk.perf.data (17365 samples) ]
