# experiment: E9
# session: victor_20261003_005439
# commit: 026eb3c5ae6fbf60c8fa5c660e6892fc94d24a88
# describe: untagged
# dirty: 0
# build_generated_changed: 22
# node: victor
# cpu: AMD Ryzen AI 9 HX 370 w/ Radeon 890M
# governor: powersave
# loadavg: 2.63 1.51 1.20
# gpu: none
# arm: ap_cpu
# rep: 1
# command: ./genesis/src/nxgenesis_nocl -nosimrc -notty -batch genesis/Scripts/benchmark/hh1952_ap_verify.g 8 200
Starting Genesis
Executable:         /datadisk/od-kchlasta/1.Ac/0.Nauka/61.GENESIS/campaign-dry-laptop/./genesis/src/nxgenesis_nocl
The diskio library uses the netcdf-version 3.4 library, which is provided
"as is" under the terms of distribution and usage by UCAR/Unidata.
Please see src/diskio/interface/netcdf/netcdf-3.4/copyright.html
for the full notice.

The kinetics library is copylefted under the LGPL, see kinetics/COPYRIGHT.

Simulation Script:  genesis/Scripts/benchmark/hh1952_ap_verify.g
=== HH1952 AP Verify N= 8  steps= 200  ===
/library
/
changing clock [0] from 1 to 1e-05
time = 0.000000 ; step = 0          
time = 0.000100 ; step = 10          
completed 10 steps in 0.000007 cpu seconds
time = 0.002100 ; step = 210          
completed 200 steps in 0.000000 cpu seconds

--- Vm after  200  steps (+ 10 warmup) ---
cell0 Vm      =  -0.02143485882
min   Vm      =  -0.02143485882
max   Vm      =  -0.02143485882
spread(max-min)=  0
NEURONS_AGREE: YES (spread < 1e-6 V)
RESULT_VM= -0.02143485882
