# experiment: E9
# session: victor_20261003_005439
# commit: 026eb3c5ae6fbf60c8fa5c660e6892fc94d24a88
# describe: untagged
# dirty: 0
# build_generated_changed: 22
# node: victor
# cpu: AMD Ryzen AI 9 HX 370 w/ Radeon 890M
# governor: powersave
# loadavg: 1.99 1.36 1.15
# gpu: none
# arm: ap_rusticl32
# rep: 1
# command: env OCL_ICD_VENDORS=/etc/OpenCL/vendors/rusticl.icd RUSTICL_ENABLE=radeonsi GENESIS_GPU_PRECISION=fp32 ./genesis/src/nxgenesis_ocl -nosimrc -notty -batch genesis/Scripts/benchmark/hh1952_ap_verify.g 8 200
Starting Genesis
Executable:         /datadisk/od-kchlasta/1.Ac/0.Nauka/61.GENESIS/campaign-dry-laptop/./genesis/src/nxgenesis_ocl
The diskio library uses the netcdf-version 3.4 library, which is provided
"as is" under the terms of distribution and usage by UCAR/Unidata.
Please see src/diskio/interface/netcdf/netcdf-3.4/copyright.html
for the full notice.

The kinetics library is copylefted under the LGPL, see kinetics/COPYRIGHT.

Simulation Script:  genesis/Scripts/benchmark/hh1952_ap_verify.g
=== HH1952 AP Verify N= 8  steps= 200  ===
/library
/
changing clock [0] from 1 to 1e-05
time = 0.000000 ; step = 0          
OCL: urzadzenie: AMD Radeon Graphics (radeonsi, strix1, ACO, DRM 3.64, 7.0.0-111030-tuxedo)
OCL: gotowy (8 kompartmentow, 88 chips, kernele fp32)
time = 0.000100 ; step = 10          
completed 10 steps in 0.033349 cpu seconds
time = 0.002100 ; step = 210          
completed 200 steps in 0.011024 cpu seconds

--- Vm after  200  steps (+ 10 warmup) ---
cell0 Vm      =  -0.02143504861
min   Vm      =  -0.02143504861
max   Vm      =  -0.02143504861
spread(max-min)=  0
NEURONS_AGREE: YES (spread < 1e-6 V)
RESULT_VM= -0.02143504861
OCL PROFILING SUMMARY (aggregated over all hsolve states)
  steps profiled    : 210
  kernel total      : 1.493 ms  (7.11 us/step)
  vm upload (wall)  : 0.844 ms  (4.02 us/step, step-0 also had chip)
  ocl_chip_update   : 60.047 ms  (wall incl. transfers)
  GPU active frac   : 2.49%  (kernel / ocl_chip_update wall)
  chip[] transfers  : skipped (persistent GPU buffer after step 0)
  NOTE: ocl_chip_update is only the channel-update fraction
        of total step time. Hines solver runs on CPU.
OCL: zasoby zwolnione
