# experiment: E9
# session: victor_20261003_005439
# commit: 026eb3c5ae6fbf60c8fa5c660e6892fc94d24a88
# describe: untagged
# dirty: 0
# build_generated_changed: 22
# node: victor
# cpu: AMD Ryzen AI 9 HX 370 w/ Radeon 890M
# governor: powersave
# loadavg: 1.99 1.36 1.15
# gpu: none
# arm: t1_cpu_n500
# rep: 1
# command: ./genesis/src/nxgenesis_nocl -nosimrc -notty -batch genesis/Scripts/benchmark/hh_spiking_benchmark.g 500 5000
Starting Genesis
Executable:         /datadisk/od-kchlasta/1.Ac/0.Nauka/61.GENESIS/campaign-dry-laptop/./genesis/src/nxgenesis_nocl
The diskio library uses the netcdf-version 3.4 library, which is provided
"as is" under the terms of distribution and usage by UCAR/Unidata.
Please see src/diskio/interface/netcdf/netcdf-3.4/copyright.html
for the full notice.

The kinetics library is copylefted under the LGPL, see kinetics/COPYRIGHT.

Simulation Script:  genesis/Scripts/benchmark/hh_spiking_benchmark.g
=== HH Spiking Benchmark (single hsolve, driven neurons) ===
Neurons:    500
Steps:      5000
dt:         5e-05  s
inject:     1e-09  A
record:     0

/library
/
Building driven HH cells...
changing clock [0] from 1 to 5e-05
Configuring single hsolve (chanmode=4, N= 500  neurons)...
ncompts:  500
nchips:   5500
time = 0.000000 ; step = 0          
time = 0.000500 ; step = 10          
completed 10 steps in 0.000079 cpu seconds
user time used		= 0 sec  17905 usec
system time used	= 0 sec  994 usec
time = 0.250500 ; step = 5010          
completed 5000 steps in 0.040038 cpu seconds
user time used		= 0 sec  58144 usec
system time used	= 0 sec  1002 usec

=== Results ===
Neurons:               500
Steps:                 5000
CPU-timer step time:   0  s
VMFINAL 0  -0.06865174592
