# experiment: E9
# session: victor_20261003_005439
# commit: 026eb3c5ae6fbf60c8fa5c660e6892fc94d24a88
# describe: untagged
# dirty: 0
# build_generated_changed: 22
# node: victor
# cpu: AMD Ryzen AI 9 HX 370 w/ Radeon 890M
# governor: powersave
# loadavg: 2.07 1.37 1.16
# gpu: none
# arm: t1_rusticl_n500
# rep: 0
# command: env OCL_ICD_VENDORS=/etc/OpenCL/vendors/rusticl.icd RUSTICL_ENABLE=radeonsi GENESIS_OCL_MULTILOOP=5000 ./genesis/src/nxgenesis_ocl -nosimrc -notty -batch genesis/Scripts/benchmark/hh_spiking_benchmark.g 500 5000
Starting Genesis
Executable:         /datadisk/od-kchlasta/1.Ac/0.Nauka/61.GENESIS/campaign-dry-laptop/./genesis/src/nxgenesis_ocl
The diskio library uses the netcdf-version 3.4 library, which is provided
"as is" under the terms of distribution and usage by UCAR/Unidata.
Please see src/diskio/interface/netcdf/netcdf-3.4/copyright.html
for the full notice.

The kinetics library is copylefted under the LGPL, see kinetics/COPYRIGHT.

Simulation Script:  genesis/Scripts/benchmark/hh_spiking_benchmark.g
=== HH Spiking Benchmark (single hsolve, driven neurons) ===
Neurons:    500
Steps:      5000
dt:         5e-05  s
inject:     1e-09  A
record:     0

/library
/
Building driven HH cells...
changing clock [0] from 1 to 5e-05
Configuring single hsolve (chanmode=4, N= 500  neurons)...
ncompts:  500
nchips:   5500
time = 0.000000 ; step = 0          
OCL: urzadzenie: AMD Radeon Graphics (radeonsi, strix1, ACO, DRM 3.64, 7.0.0-111030-tuxedo)
OCL: tryb multiloop — 5000 krokow w jednym dispatchu
OCL: gotowy (500 kompartmentow, 5500 chips, kernele fp32)
OCL MULTILOOP: 5000 krokow | kernel 11.3 ms | total 13.1 ms | 2.619 us/krok
time = 0.000500 ; step = 10          
completed 10 steps in 0.034328 cpu seconds
user time used		= 0 sec  56399 usec
system time used	= 0 sec  22874 usec
time = 0.250500 ; step = 5010          
completed 5000 steps in 0.000000 cpu seconds
user time used		= 0 sec  56399 usec
system time used	= 0 sec  23348 usec

=== Results ===
Neurons:               500
Steps:                 5000
CPU-timer step time:   0  s
VMFINAL 0  -0.08169056475
OCL MULTILOOP SUMMARY (1 hsolve state(s))
  batch dispatched : 1 kernel call covering 5000 steps
  no-op steps      : 5009 (CPU Hines identity pass-through)
  (timing per-dispatch printed at dispatch time above)
OCL: zasoby zwolnione
