# experiment: E9
# session: victor_20261003_005439
# commit: 026eb3c5ae6fbf60c8fa5c660e6892fc94d24a88
# describe: untagged
# dirty: 0
# build_generated_changed: 22
# node: victor
# cpu: AMD Ryzen AI 9 HX 370 w/ Radeon 890M
# governor: powersave
# loadavg: 2.07 1.37 1.16
# gpu: none
# arm: tr_cpu_n100
# rep: 0
# command: env GENESIS_BENCH_CHANMODE=1 GENESIS_BENCH_NCOMP=16 timeout 7200 ./genesis/src/nxgenesis_nocl -nosimrc -notty -batch genesis/Scripts/benchmark/hh_multicompartment_createmap.g 100 5000
Starting Genesis
Executable:         /datadisk/od-kchlasta/1.Ac/0.Nauka/61.GENESIS/campaign-dry-laptop/./genesis/src/nxgenesis_nocl
The diskio library uses the netcdf-version 3.4 library, which is provided
"as is" under the terms of distribution and usage by UCAR/Unidata.
Please see src/diskio/interface/netcdf/netcdf-3.4/copyright.html
for the full notice.

The kinetics library is copylefted under the LGPL, see kinetics/COPYRIGHT.

Simulation Script:  genesis/Scripts/benchmark/hh_multicompartment_createmap.g
<genesis/Scripts/benchmark/hh_multicompartment_createmap.g> line 63
** Error - CastToInt: Error casting '', using 0
<genesis/Scripts/benchmark/hh_multicompartment_createmap.g> line 67
** Error - Error promoting '' to INT, using 0
<genesis/Scripts/benchmark/hh_multicompartment_createmap.g> line 78
** Error - CastToInt: Error casting '', using 0
<genesis/Scripts/benchmark/hh_multicompartment_createmap.g> line 79
** Error - CastToInt: Error casting '', using 0
<genesis/Scripts/benchmark/hh_multicompartment_createmap.g> line 80
** Error - CastToInt: Error casting '', using 0
=== HH Multicompartment Benchmark ===
Neurons:    100
Comp/neuron: 16
Total comps: 1600
Steps:      5000
chanmode:   1

/library
/
/library/cell
/
Building cables via createmap...
changing clock [0] from 1 to 1e-05
Configuring single hsolve (chanmode= 1 , N*NCOMP= 1600  comps)...
ncompts:  1600
time = 0.000000 ; step = 0          
time = 0.050100 ; step = 5010          
completed 5010 steps in 0.261354 cpu seconds
RESULT_T_TOTAL= 0.3616827428
RESULT_T_PER_STEP= 7.219216424e-05
<genesis/Scripts/benchmark/hh_multicompartment_createmap.g> line 266
** Error - Solver : HPUT/HGET calls should only be used when chanmode >= 2. '/net/solver'
<genesis/Scripts/benchmark/hh_multicompartment_createmap.g> line 267
** Error - Solver : HPUT/HGET calls should only be used when chanmode >= 2. '/net/solver'
RESULT_VM_FAR= -0.0798336887
RESULT_VM_SOMA= -0.0735408486

=== done: N= 100  NCOMP= 16  steps= 5000  chanmode= 1  ===
