# experiment: E5
# session: inf03_20261008_033406
# commit: 0a1b3779c0f95b951b666456ff2bdacf79cd6c51
# describe: untagged
# dirty: 0
# build_generated_changed: 0
# node: inf03
# cpu: Intel(R) Xeon(R) Platinum 8358 CPU @ 2.60GHz
# governor: performance
# loadavg: 0.55 0.26 0.38
# numa_bind: 0
# gpu: NVIDIA A100-PCIE-40GB
# driver: 595.71.05
# cuda: 12.8
# persistence: Enabled
# sm_clock_mhz: 210 / 1410
# clock_reasons: 0x0000000000000001
# gpu_mem_used_mib: 0
# gpu_processes: none
# arm: pcell
# rep: 1
# command: numactl --cpunodebind=0 --membind=0 env -C /storage2/home/kchlasta/tc-verify-20260929/runs/inf03/campaign_E5/pcell GENESIS_VANET2_TMAX=0.45 GENESIS_VANET2_SPIKEFILE=/storage2/home/kchlasta/tc-verify-20260929/runs/inf03/campaign_E5/pcell/spikes_r1.txt GENESIS_VANET2_SEED= GENESIS_GPU_PRECISION=fp32 timeout 7200 /storage2/home/kchlasta/fix-dev/genesis/src/nxgenesis_nocl -notty -batch VAnet2-batch.g
Starting Genesis
Executable:         /storage2/home/kchlasta/fix-dev/genesis/src/nxgenesis_nocl
The diskio library uses the netcdf-version 3.4 library, which is provided
"as is" under the terms of distribution and usage by UCAR/Unidata.
Please see src/diskio/interface/netcdf/netcdf-3.4/copyright.html
for the full notice.

The kinetics library is copylefted under the LGPL, see kinetics/COPYRIGHT.

Startup script:     .simrc
SIMPATH=. /storage2/home/kchlasta/fix-dev/genesis/startup /storage2/home/kchlasta/fix-dev/genesis/Scripts/neurokit /storage2/home/kchlasta/fix-dev/genesis/Scripts/neurokit/prototypes
SIMNOTES=/storage2/home/kchlasta/tc-verify-20260929/runs/inf03/campaign_E5/pcell/.notes
GENESIS_HELP=/storage2/home/kchlasta/fix-dev/genesis/Doc
Simulation Script:  VAnet2-batch.g
Using SPRNG random number generator
changing clock [0] from 1 to 5e-05
/library
/
reading 'VA_HHcell.p'.... 
VA_HHcell.p read: 1 compartments, 4 channels, 0 shells, 2 others
reading 'VA_HHcell.p'.... 
VA_HHcell.p read: 1 compartments, 4 channels, 0 shells, 2 others
/Ex_layer/Ex_cell
Crank-Nicolson. Note : applies only to hsolve elements
/
/Inh_layer/Inh_cell
Crank-Nicolson. Note : applies only to hsolve elements
/
time = 0.000000 ; step = 0          
................................................................................................................................................................................................................................................................................................................................................................................................................................................................................................................................................................................................................................................................................................................................................................................................................................................................................................................................................................................................................................................................................................................................................................................................................................................................................................................................................................................................................................................................................................................................................................................................................................................................................................................................................................................................................................................................................................................................................................................................................................................................................................................................................................................................................................................................................................................................................................................................................................................................................................................................................................................................................................................................................................................................................................................................................................................................................................................................................................................................................................................................................................................................................................................................................................................................................................................................
................................................................................................................................................................................................................................................................................................................................................................................................................................................................................................................................................................................................................................................................................................................................................................................................................................................................................................................................................................................................................................................................................................................................................................................................................................................................................................................................................................................................................................................................................................................................................................................................................................................................................................................................................................................................................................................................................................................................................................................................................................................................................................................................................................................................................................................................................................................................................................................................................................................................................................................................................................................................................................................................................................................................................................................................................................................................................................................................................................................................................................................................................................................................................................................................................................................................................................................................
................................................................................................................................................................................................................................................................................................................................................................................................................................................................................................................................................................................................................................................................................................................................................................................................................................
................................................................................................................................................................................................................................................................................................................................................................................................................................................................................................................................................................................................................................................................................................................................................................................................................................
All input weights set to 5
recording every spike to /storage2/home/kchlasta/tc-verify-20260929/runs/inf03/campaign_E5/pcell/spikes_r1.txt (not a timing run)
time = 0.000000 ; step = 0          
RUNID:  1000
All input weights set to 10
time = 0.000000 ; step = 0          
time = 0.000000 ; step = 0          
dt = 4.999999874e-05   tmax = 0.05
Network of 64 by 50 excitatory cells with separations 4e-05 by 4e-05
and 32 by 25 inhibitory cells with separations 8e-05 by 8e-05
Random number generator seed initialized to:  1404706052

Average number of Ex_ex synapses per cell:  65
Average number of Ex_inh synapses per cell:  15
Average number of Inh_ex synapses per cell:  63
Average number of Inh_inh synapses per cell:  15
Script name:  VAnet2-batch.g
RUNID:  1000
average input frequency:  70
input weight:  10
START:  Thu Oct  8 03:34:47 2026
END  :  Thu Oct  8 03:34:48 2026
dt = 4.999999874e-05   tmax = 0.45
Network of 64 by 50 excitatory cells with separations 4e-05 by 4e-05
and 32 by 25 inhibitory cells with separations 8e-05 by 8e-05
Random number generator seed initialized to:  1404706052

Average number of Ex_ex synapses per cell:  65
Average number of Ex_inh synapses per cell:  15
Average number of Inh_ex synapses per cell:  63
Average number of Inh_inh synapses per cell:  15
Script name:  VAnet2-batch.g
RUNID:  1000
average input frequency:  0
input weight:  10
START:  Thu Oct  8 03:34:48 2026
END  :  Thu Oct  8 03:34:54 2026
