# experiment: E6
# session: inf03_20261010_042728
# commit: da4cf5e1d904297c989d7b6ca8d506f900af707e
# describe: untagged
# dirty: 4
# build_generated_changed: 0
# node: inf03
# cpu: Intel(R) Xeon(R) Platinum 8358 CPU @ 2.60GHz
# governor: performance
# loadavg: 0.86 0.55 0.34
# numa_bind: 0
# gpu: NVIDIA A100-PCIE-40GB
# driver: 595.71.05
# cuda: 12.8
# persistence: Enabled
# sm_clock_mhz: 210 / 1410
# clock_reasons: 0x0000000000000001
# gpu_mem_used_mib: 0
# gpu_processes: none
# arm: cn_spk
# rep: 1
# command: numactl --cpunodebind=0 --membind=0 env -C /storage2/home/kchlasta/tc-verify-20260929/coreneuron_cmp/destexhe_benchmarks/NEURON/cobahh PATH=/storage2/home/kchlasta/.local/bin:/storage2/home/kchlasta/.local/bin:/storage2/home/kchlasta/bin:/usr/share/Modules/bin:/usr/local/bin:/usr/bin:/usr/local/sbin:/usr/sbin timeout 3600 python3.12 run_core.py
Warning: no DISPLAY environment variable.
--No graphics will be displayed.
 
 Duke, Yale, and the BlueBrain Project -- Copyright 1984-2020
 Version : 9.0.2 ba57833 (2026-08-10 08:51:04 -0400)
 
 Additional mechanisms from files
 exp2syn.mod expsyn.mod hh.mod khh.mod nahh.mod netstim.mod passive.mod pattern.mod stim.mod svclmp.mod

 Memory (MBs) :             After mk_mech : Max 154.6758, Min 154.6758, Avg 154.6758 
 Memory (MBs) :            After MPI_Init : Max 154.6758, Min 154.6758, Avg 154.6758 
 Memory (MBs) :          Before nrn_setup : Max 154.6758, Min 154.6758, Avg 154.6758 
 Setup Done   : 0.13 seconds 
 Model size   : 20.42 MB
 Memory (MBs) :          After nrn_setup  : Max 179.8047, Min 179.8047, Avg 179.8047 
GENERAL PARAMETERS
--mpi=false
--mpi-lib=
--gpu=false
--dt=0.05
--tstop=5000

GPU
--nwarp=65536
--cell-permute=0
--cuda-interface=false

INPUT PARAMETERS
--voltage=1000
--seed=-1
--datpath=.
--filesdat=./files.dat
--pattern=
--report-conf=
--restore=     

PARALLEL COMPUTATION PARAMETERS
--threading=false
--skip_mpi_finalize=true

SPIKE EXCHANGE
--ms_phases=2
--ms_subintervals=2
--multisend=false
--spk_compress=0
--binqueue=false

CONFIGURATION
--spikebuf=100000
--prcellgid=-1
--forwardskip=0
--celsius=36
--mindelay=10
--report-buffer-size=4

OUTPUT PARAMETERS
--dt_io=0.1
--outpath=.
--checkpoint=

 Start time (t) = 0

 Memory (MBs) :  After mk_spikevec_buffer : Max 179.8047, Min 179.8047, Avg 179.8047 
 Memory (MBs) :     After nrn_finitialize : Max 179.8047, Min 179.8047, Avg 179.8047 

psolve |                                                         | t: 0.00   ETA: 0h00m00spsolve |===                                                      | t: 298.50 ETA: 0h01m18spsolve |=======                                                  | t: 656.75 ETA: 0h01m06spsolve |===========                                              | t: 1005.00 ETA: 0h00m59spsolve |===============                                          | t: 1343.25 ETA: 0h00m54spsolve |==================                                       | t: 1641.75 ETA: 0h00m51spsolve |======================                                   | t: 1990.00 ETA: 0h00m45s