# experiment: E3
# session: inf02_20261003_162220
# commit: cff9bf680c1a5bd7db6d82c596e6440fbc58d0f6
# describe: untagged
# dirty: 36
# build_generated_changed: 27
# node: inf02
# cpu: Intel(R) Xeon(R) Gold 6342 CPU @ 2.80GHz
# governor: performance
# loadavg: 1.10 0.56 0.22
# gpu: NVIDIA A40
# driver: 595.71.05
# cuda: 12.8
# persistence: Enabled
# sm_clock_mhz: 1740 / 1740
# clock_reasons: 0x0000000000000001
# gpu_mem_used_mib: 0
# gpu_processes: none
# arm: t1_cuda_n500
# rep: 0
# command: env GENESIS_CUDA_MULTILOOP=5000 timeout 1800 ./genesis/src/nxgenesis -nosimrc -notty -batch genesis/Scripts/benchmark/hh_spiking_benchmark.g 500 5000
Starting Genesis
Executable:         /storage2/home/kchlasta/campaign-dry-inf02/./genesis/src/nxgenesis
The diskio library uses the netcdf-version 3.4 library, which is provided
"as is" under the terms of distribution and usage by UCAR/Unidata.
Please see src/diskio/interface/netcdf/netcdf-3.4/copyright.html
for the full notice.

The kinetics library is copylefted under the LGPL, see kinetics/COPYRIGHT.

Simulation Script:  genesis/Scripts/benchmark/hh_spiking_benchmark.g
=== HH Spiking Benchmark (single hsolve, driven neurons) ===
Neurons:    500
Steps:      5000
dt:         5e-05  s
inject:     1e-09  A
record:     0

/library
/
Building driven HH cells...
changing clock [0] from 1 to 5e-05
Configuring single hsolve (chanmode=4, N= 500  neurons)...
ncompts:  500
nchips:   5500
time = 0.000000 ; step = 0          
CUDA: device: NVIDIA A40 (sm_86, 84 SMs)
CUDA: graph dispatch: tree loop on, per-step off
CUDA: ready (500 compartments, 5500 chips, fp32 kernels)
CUDA: multiloop mode -- 5000 steps per dispatch
CUDA MULTILOOP: 5000 steps | kernel 7.4 ms | total 7.4 ms | 1.472 us/step
time = 0.000500 ; step = 10          
completed 10 steps in 0.017007 cpu seconds
user time used		= 0 sec  36911 usec
system time used	= 0 sec  125795 usec
time = 0.250500 ; step = 5010          
completed 5000 steps in 0.000042 cpu seconds
user time used		= 0 sec  36975 usec
system time used	= 0 sec  126015 usec

=== Results ===
Neurons:               500
Steps:                 5000
CPU-timer step time:   0  s
VMFINAL 0  -0.08169060946
