Starting Genesis
Executable:         /storage2/home/kchlasta/campaign-dry-inf03/genesis/src/nxgenesis_nocl
The diskio library uses the netcdf-version 3.4 library, which is provided
"as is" under the terms of distribution and usage by UCAR/Unidata.
Please see src/diskio/interface/netcdf/netcdf-3.4/copyright.html
for the full notice.

The kinetics library is copylefted under the LGPL, see kinetics/COPYRIGHT.

Simulation Script:  genesis/Scripts/benchmark/hh_multicompartment_createmap.g
<genesis/Scripts/benchmark/hh_multicompartment_createmap.g> line 63
** Error - CastToInt: Error casting '', using 0
<genesis/Scripts/benchmark/hh_multicompartment_createmap.g> line 67
** Error - Error promoting '' to INT, using 0
<genesis/Scripts/benchmark/hh_multicompartment_createmap.g> line 78
** Error - CastToInt: Error casting '', using 0
<genesis/Scripts/benchmark/hh_multicompartment_createmap.g> line 79
** Error - CastToInt: Error casting '', using 0
<genesis/Scripts/benchmark/hh_multicompartment_createmap.g> line 80
** Error - CastToInt: Error casting '', using 0
=== HH Multicompartment Benchmark ===
Neurons:    10000
Comp/neuron: 16
Total comps: 160000
Steps:      1000
chanmode:   4

/library
/
/library/cell
/
Building cables via createmap...
changing clock [0] from 1 to 1e-05
Configuring single hsolve (chanmode= 4 , N*NCOMP= 160000  comps)...
ncompts:  160000
time = 0.000000 ; step = 0          
time = 0.010100 ; step = 1010          
completed 1010 steps in 4.971061 cpu seconds
RESULT_T_TOTAL= 5.079799175
RESULT_T_PER_STEP= 0.005029504134
RESULT_VM_FAR= -0.07569977791
RESULT_VM_SOMA= -0.06777833903

=== done: N= 10000  NCOMP= 16  steps= 1000  chanmode= 4  ===
