START 2026-10-02T20:24:59+02:00 inf03 NVIDIA A100-PCIE-40GB, 0 MiB
ce21b63 logs: bring in the results that were still only on the cluster
base record rc=0
base vs committed CUDA golden (A40, so a device mismatch is expected):
NVIDIA A100-PCIE-40GB
909d47a opencl: fp64 checked on the Radeon 890M under ROCm and rusticl
CUDA graphs off fp32 rc=0
PASS: 14 values unchanged on NVIDIA A100-PCIE-40GB
CUDA graphs on fp32 rc=0
PASS: 14 values unchanged on NVIDIA A100-PCIE-40GB
CUDA fp64 rc=0
PASS: 5 values within 1e-10 V of the CPU solver (fp64 kernels)
CUDA fp64 graphs rc=0
PASS: 5 values within 1e-10 V of the CPU solver (fp64 kernels)
probe rc=0
written: /storage2/home/kchlasta/genesis-2.5-f2/cluster_bringup/logs/cuda_graph_probe_inf03_20261002_203248.csv
spiking,100000,0  mean wall 48.330 s (n=5)
spiking,100000,1  mean wall 47.711 s (n=5)
tree,50000,0  mean wall 4.646 s (n=5)
tree,50000,1  mean wall 4.500 s (n=5)
tree,5000,0  mean wall 1.789 s (n=5)
tree,5000,1  mean wall 1.680 s (n=5)
# distinct spike trains over all spiking runs: 1 (1 means identical)
base ocl record rc=0
OpenCL fp32 rc=0
PASS: 14 values unchanged on NVIDIA A100-PCIE-40GB
OpenCL fp64 rc=0
PASS: 5 values within 1e-10 V of the CPU solver (fp64 kernels)
CUDA build restored
END 2026-10-02T20:48:47+02:00
