# experiment: E1
# session: inf03_20261008_194843
# commit: 0fe5c6fe04030609d8421694d8fb8824a7d06f8d
# describe: v2.6.0-rc3
# dirty: 0
# build_generated_changed: 31
# node: inf03
# cpu: Intel(R) Xeon(R) Platinum 8358 CPU @ 2.60GHz
# governor: performance
# loadavg: 1.00 1.00 1.00
# numa_bind: 0
# gpu: NVIDIA A100-PCIE-40GB
# driver: 595.71.05
# cuda: 12.8
# persistence: Enabled
# sm_clock_mhz: 210 / 1410
# clock_reasons: 0x0000000000000001
# gpu_mem_used_mib: 0
# gpu_processes: none
# arm: cn_gpu
# rep: 2
# command: numactl --cpunodebind=0 --membind=0 sh -c cd '/storage2/home/kchlasta/tc-verify-20260929/runs/inf03/campaign_E1/cn_gpu' && exec env LD_LIBRARY_PATH='/storage2/home/kchlasta/tc-verify-20260929/nrn_src/build-gpu/lib:/storage2/home/kchlasta/tc-verify-20260929/opt/nvhpc24/Linux_x86_64/24.11/compilers/lib:/storage2/home/kchlasta/tc-verify-20260929/opt/nvhpc24/Linux_x86_64/24.11/cuda/12.6/lib64':${LD_LIBRARY_PATH:-} timeout 1800                 '/storage2/home/kchlasta/tc-verify-20260929/coreneuron_cmp/destexhe_benchmarks/NEURON/cobahh/x86_64_gpu2/x86_64/special-core' --datpath '/storage2/home/kchlasta/tc-verify-20260929/runs/inf03/cobahh_coredat' --gpu --tstop 5000 --dt 0.05
 
 Duke, Yale, and the BlueBrain Project -- Copyright 1984-2020
 Version : 9.0.2 ba57833 (2026-08-10 08:51:04 -0400)
 
 Additional mechanisms from files
 exp2syn.mod expsyn.mod hh.mod khh.mod nahh.mod netstim.mod passive.mod pattern.mod stim.mod svclmp.mod

 Info : 1 GPUs shared by 1 ranks per node
 Memory (MBs) :             After mk_mech : Max 115.3438, Min 115.3438, Avg 115.3438 
 GPU Memory (MiBs) : Used = 426.625000, Free = 40200.187500, Total = 40626.812500
 Memory (MBs) :            After MPI_Init : Max 115.3438, Min 115.3438, Avg 115.3438 
 GPU Memory (MiBs) : Used = 426.625000, Free = 40200.187500, Total = 40626.812500
 Memory (MBs) :          Before nrn_setup : Max 115.3438, Min 115.3438, Avg 115.3438 
 GPU Memory (MiBs) : Used = 426.625000, Free = 40200.187500, Total = 40626.812500
 WARNING : GPU execution requires --cell-permute type 1 or 2. Setting it to 1.
 Setup Done   : 0.08 seconds 
 Model size   : 20.51 MB
 Memory (MBs) :          After nrn_setup  : Max 142.0781, Min 142.0781, Avg 142.0781 
 GPU Memory (MiBs) : Used = 426.625000, Free = 40200.187500, Total = 40626.812500
GENERAL PARAMETERS
--mpi=false
--mpi-lib=
--gpu=true
--dt=0.05
--tstop=5000

GPU
--nwarp=65536
--cell-permute=0
--cuda-interface=false

INPUT PARAMETERS
--voltage=-65
--seed=-1
--datpath=/storage2/home/kchlasta/tc-verify-20260929/runs/inf03/cobahh_coredat
--filesdat=/storage2/home/kchlasta/tc-verify-20260929/runs/inf03/cobahh_coredat/files.dat
--pattern=
--report-conf=
--restore=     

PARALLEL COMPUTATION PARAMETERS
--threading=false
--skip_mpi_finalize=false

SPIKE EXCHANGE
--ms_phases=2
--ms_subintervals=2
--multisend=false
--spk_compress=0
--binqueue=false

CONFIGURATION
--spikebuf=100000
--prcellgid=-1
--forwardskip=0
--celsius=36
--mindelay=10
--report-buffer-size=4

OUTPUT PARAMETERS
--dt_io=0.1
--outpath=.
--checkpoint=

 Start time (t) = 0

 Memory (MBs) :  After mk_spikevec_buffer : Max 142.0781, Min 142.0781, Avg 142.0781 
 GPU Memory (MiBs) : Used = 426.625000, Free = 40200.187500, Total = 40626.812500
 Memory (MBs) :     After nrn_finitialize : Max 206.3633, Min 206.3633, Avg 206.3633 
 GPU Memory (MiBs) : Used = 436.625000, Free = 40190.187500, Total = 40626.812500

psolve |                                                         | t: 0.00   ETA: 0h00m00spsolve |==========                                               | t: 905.50 ETA: 0h00m22spsolve |====================                                     | t: 1840.75 ETA: 0h00m17spsolve |===============================                          | t: 2786.00 ETA: 0h00m11spsolve |==========================================               | t: 3731.25 ETA: 0h00m06spsolve |====================================================     | t: 4626.75 ETA: 0h00m02spsolve |=========================================================| t: 5000.00 ETA: 0h00m27s

Solver Time : 26.8737


 Simulation Statistics
 Number of cells: 4000
 Number of compartments: 12000
 Number of presyns: 4081
 Number of input presyns: 0
 Number of synapses: 320160
 Number of point processes: 8081
 Number of transfer sources: 0
 Number of transfer targets: 0
 Number of spikes: 592865
 Number of spikes with non negative gid-s: 592865
