# experiment: E3
# session: inf03_20261010_041750
# commit: da4cf5e1d904297c989d7b6ca8d506f900af707e
# describe: untagged
# dirty: 2
# build_generated_changed: 0
# node: inf03
# cpu: Intel(R) Xeon(R) Platinum 8358 CPU @ 2.60GHz
# governor: performance
# loadavg: 0.08 0.02 0.01
# numa_bind: 0
# gpu: NVIDIA A100-PCIE-40GB
# driver: 595.71.05
# cuda: 12.8
# persistence: Enabled
# sm_clock_mhz: 765 / 1410
# clock_reasons: 0x0000000000000000
# gpu_mem_used_mib: 0
# gpu_processes: none
# arm: t1_ocl_n500
# rep: 0
# command: numactl --cpunodebind=0 --membind=0 env GENESIS_OCL_MULTILOOP=5000 timeout 1800 ./genesis/src/nxgenesis_ocl -nosimrc -notty -batch genesis/Scripts/benchmark/hh_spiking_benchmark.g 500 5000
Starting Genesis
Executable:         /storage2/home/kchlasta/campaign-dry-inf03/./genesis/src/nxgenesis_ocl
The diskio library uses the netcdf-version 3.4 library, which is provided
"as is" under the terms of distribution and usage by UCAR/Unidata.
Please see src/diskio/interface/netcdf/netcdf-3.4/copyright.html
for the full notice.

The kinetics library is copylefted under the LGPL, see kinetics/COPYRIGHT.

Simulation Script:  genesis/Scripts/benchmark/hh_spiking_benchmark.g
=== HH Spiking Benchmark (single hsolve, driven neurons) ===
Neurons:    500
Steps:      5000
dt:         5e-05  s
inject:     1e-09  A
record:     0

/library
/
Building driven HH cells...
changing clock [0] from 1 to 5e-05
Configuring single hsolve (chanmode=4, N= 500  neurons)...
ncompts:  500
nchips:   5500
time = 0.000000 ; step = 0          
OCL: urzadzenie: NVIDIA A100-PCIE-40GB
OCL: tryb multiloop — 5000 krokow w jednym dispatchu
OCL: gotowy (500 kompartmentow, 5500 chips, kernele fp32)
OCL MULTILOOP: 5000 krokow | kernel 14.2 ms | total 14.4 ms | 2.887 us/krok
time = 0.000500 ; step = 10          
completed 10 steps in 0.028724 cpu seconds
user time used		= 0 sec  48833 usec
system time used	= 0 sec  59534 usec
time = 0.250500 ; step = 5010          
completed 5000 steps in 0.000067 cpu seconds
user time used		= 0 sec  48988 usec
system time used	= 0 sec  59625 usec

=== Results ===
Neurons:               500
Steps:                 5000
CPU-timer step time:   0  s
VMFINAL 0  -0.081690602
OCL MULTILOOP SUMMARY (1 hsolve state(s))
  batch dispatched : 1 kernel call covering 5000 steps
  no-op steps      : 5009 (CPU Hines identity pass-through)
  (timing per-dispatch printed at dispatch time above)
OCL: zasoby zwolnione
