Starting Genesis
Executable:         /storage2/home/kchlasta/genesis-2.5/genesis/src/nxgenesis_nocl
The diskio library uses the netcdf-version 3.4 library, which is provided
"as is" under the terms of distribution and usage by UCAR/Unidata.
Please see src/diskio/interface/netcdf/netcdf-3.4/copyright.html
for the full notice.

The kinetics library is copylefted under the LGPL, see kinetics/COPYRIGHT.

Startup script:     .simrc
SIMPATH=. /storage2/home/kchlasta/genesis-2.5/genesis/startup /storage2/home/kchlasta/genesis-2.5/genesis/Scripts/neurokit /storage2/home/kchlasta/genesis-2.5/genesis/Scripts/neurokit/prototypes
SIMNOTES=/storage2/home/kchlasta/genesis-2.5/reproduce/results/vanet2/cpu_published/.notes
GENESIS_HELP=/storage2/home/kchlasta/genesis-2.5/genesis/Doc
Simulation Script:  VAnet2-batch.g
Using SPRNG random number generator
changing clock [0] from 1 to 5e-05
/library
/
reading 'VA_HHcell.p'.... 
VA_HHcell.p read: 1 compartments, 4 channels, 0 shells, 2 others
reading 'VA_HHcell.p'.... 
VA_HHcell.p read: 1 compartments, 4 channels, 0 shells, 2 others
/Ex_layer/Ex_cell
Crank-Nicolson. Note : applies only to hsolve elements
/
/Inh_layer/Inh_cell
Crank-Nicolson. Note : applies only to hsolve elements
/
time = 0.000000 ; step = 0          
................................................................................................................................................................................................................................................................................................................................................................................................................................................................................................................................................................................................................................................................................................................................................................................................................................................................................................................................................................................................................................................................................................................................................................................................................................................................................................................................................................................................................................................................................................................................................................................................................................................................................................................................................................................................................................................................................................................................................................................................................................................................................................................................................................................................................................................................................................................................................................................................................................................................................................................................................................................................................................................................................................................................................................................................................................................................................................................................................................................................................................................................................................................................................................................................................................................................................................................................
................................................................................................................................................................................................................................................................................................................................................................................................................................................................................................................................................................................................................................................................................................................................................................................................................................................................................................................................................................................................................................................................................................................................................................................................................................................................................................................................................................................................................................................................................................................................................................................................................................................................................................................................................................................................................................................................................................................................................................................................................................................................................................................................................................................................................................................................................................................................................................................................................................................................................................................................................................................................................................................................................................................................................................................................................................................................................................................................................................................................................................................................................................................................................................................................................................................................................................................................
................................................................................................................................................................................................................................................................................................................................................................................................................................................................................................................................................................................................................................................................................................................................................................................................................................
................................................................................................................................................................................................................................................................................................................................................................................................................................................................................................................................................................................................................................................................................................................................................................................................................................
All input weights set to 5
time = 0.000000 ; step = 0          
RUNID:  1000
All input weights set to 10
time = 0.000000 ; step = 0          
time = 0.000000 ; step = 0          
dt = 4.999999874e-05   tmax = 0.05
Network of 64 by 50 excitatory cells with separations 4e-05 by 4e-05
and 32 by 25 inhibitory cells with separations 8e-05 by 8e-05
Random number generator seed initialized to:  1404706052

Average number of Ex_ex synapses per cell:  65
Average number of Ex_inh synapses per cell:  15
Average number of Inh_ex synapses per cell:  63
Average number of Inh_inh synapses per cell:  15
Script name:  VAnet2-batch.g
RUNID:  1000
average input frequency:  70
input weight:  10
START:  Thu Aug 20 17:25:49 2026
END  :  Thu Aug 20 17:25:50 2026
dt = 4.999999874e-05   tmax = 4.95
Network of 64 by 50 excitatory cells with separations 4e-05 by 4e-05
and 32 by 25 inhibitory cells with separations 8e-05 by 8e-05
Random number generator seed initialized to:  1404706052

Average number of Ex_ex synapses per cell:  65
Average number of Ex_inh synapses per cell:  15
Average number of Inh_ex synapses per cell:  63
Average number of Inh_inh synapses per cell:  15
Script name:  VAnet2-batch.g
RUNID:  1000
average input frequency:  0
input weight:  10
START:  Thu Aug 20 17:25:50 2026
END  :  Thu Aug 20 17:26:39 2026
