# experiment: E7
# session: inf03_20261010_042342
# commit: da4cf5e1d904297c989d7b6ca8d506f900af707e
# describe: untagged
# dirty: 4
# build_generated_changed: 0
# node: inf03
# cpu: Intel(R) Xeon(R) Platinum 8358 CPU @ 2.60GHz
# governor: performance
# loadavg: 0.91 0.68 0.32
# numa_bind: 0
# gpu: NVIDIA A100-PCIE-40GB
# driver: 595.71.05
# cuda: 12.8
# persistence: Enabled
# sm_clock_mhz: 765 / 1410
# clock_reasons: 0x0000000000000000
# gpu_mem_used_mib: 0
# gpu_processes: none
# arm: cpu_uni36
# rep: 1
# command: numactl --cpunodebind=0 --membind=0 env GENESIS_BENCH_CHANMODE=4 GENESIS_BENCH_NCOMP=36 timeout 7200 ./genesis/src/nxgenesis_nocl -nosimrc -notty -batch genesis/Scripts/benchmark/hh_multicompartment_createmap.g 1000 200
Starting Genesis
Executable:         /storage2/home/kchlasta/campaign-dry-inf03/./genesis/src/nxgenesis_nocl
The diskio library uses the netcdf-version 3.4 library, which is provided
"as is" under the terms of distribution and usage by UCAR/Unidata.
Please see src/diskio/interface/netcdf/netcdf-3.4/copyright.html
for the full notice.

The kinetics library is copylefted under the LGPL, see kinetics/COPYRIGHT.

Simulation Script:  genesis/Scripts/benchmark/hh_multicompartment_createmap.g
<genesis/Scripts/benchmark/hh_multicompartment_createmap.g> line 63
** Error - CastToInt: Error casting '', using 0
<genesis/Scripts/benchmark/hh_multicompartment_createmap.g> line 67
** Error - Error promoting '' to INT, using 0
<genesis/Scripts/benchmark/hh_multicompartment_createmap.g> line 78
** Error - CastToInt: Error casting '', using 0
<genesis/Scripts/benchmark/hh_multicompartment_createmap.g> line 79
** Error - CastToInt: Error casting '', using 0
<genesis/Scripts/benchmark/hh_multicompartment_createmap.g> line 80
** Error - CastToInt: Error casting '', using 0
=== HH Multicompartment Benchmark ===
Neurons:    1000
Comp/neuron: 36
Total comps: 36000
Steps:      200
chanmode:   4

/library
/
/library/cell
/
Building cables via createmap...
changing clock [0] from 1 to 1e-05
Configuring single hsolve (chanmode= 4 , N*NCOMP= 36000  comps)...
ncompts:  36000
time = 0.000000 ; step = 0          
time = 0.002100 ; step = 210          
completed 210 steps in 0.237425 cpu seconds
RESULT_T_TOTAL= 0.3379443586
RESULT_T_PER_STEP= 0.00160925885
RESULT_VM_FAR= -0.06956599799
RESULT_VM_SOMA= 0.0255346859

=== done: N= 1000  NCOMP= 36  steps= 200  chanmode= 4  ===
